Component: ARM Compiler 5.06 update 6 (build 750) Tool: armlink [4d35ed]

==============================================================================

Section Cross References

    startup_stm32f103xe.o(STACK) refers (Special) to heapauxi.o(.text) for __use_two_region_memory
    startup_stm32f103xe.o(HEAP) refers (Special) to heapauxi.o(.text) for __use_two_region_memory
    startup_stm32f103xe.o(RESET) refers (Special) to heapauxi.o(.text) for __use_two_region_memory
    startup_stm32f103xe.o(RESET) refers to startup_stm32f103xe.o(STACK) for __initial_sp
    startup_stm32f103xe.o(RESET) refers to startup_stm32f103xe.o(.text) for Reset_Handler
    startup_stm32f103xe.o(RESET) refers to stm32f1xx_it.o(i.NMI_Handler) for NMI_Handler
    startup_stm32f103xe.o(RESET) refers to stm32f1xx_it.o(i.HardFault_Handler) for HardFault_Handler
    startup_stm32f103xe.o(RESET) refers to stm32f1xx_it.o(i.MemManage_Handler) for MemManage_Handler
    startup_stm32f103xe.o(RESET) refers to stm32f1xx_it.o(i.BusFault_Handler) for BusFault_Handler
    startup_stm32f103xe.o(RESET) refers to stm32f1xx_it.o(i.UsageFault_Handler) for UsageFault_Handler
    startup_stm32f103xe.o(RESET) refers to stm32f1xx_it.o(i.SVC_Handler) for SVC_Handler
    startup_stm32f103xe.o(RESET) refers to stm32f1xx_it.o(i.DebugMon_Handler) for DebugMon_Handler
    startup_stm32f103xe.o(RESET) refers to stm32f1xx_it.o(i.PendSV_Handler) for PendSV_Handler
    startup_stm32f103xe.o(RESET) refers to stm32f1xx_it.o(i.SysTick_Handler) for SysTick_Handler
    startup_stm32f103xe.o(RESET) refers to stm32f1xx_it.o(i.EXTI15_10_IRQHandler) for EXTI15_10_IRQHandler
    startup_stm32f103xe.o(RESET) refers to stm32f1xx_it.o(i.UART5_IRQHandler) for UART5_IRQHandler
    startup_stm32f103xe.o(RESET) refers to stm32f1xx_it.o(i.TIM6_IRQHandler) for TIM6_IRQHandler
    startup_stm32f103xe.o(.text) refers (Special) to heapauxi.o(.text) for __use_two_region_memory
    startup_stm32f103xe.o(.text) refers to system_stm32f1xx.o(i.SystemInit) for SystemInit
    startup_stm32f103xe.o(.text) refers to __main.o(!!!main) for __main
    startup_stm32f103xe.o(.text) refers to startup_stm32f103xe.o(HEAP) for Heap_Mem
    startup_stm32f103xe.o(.text) refers to startup_stm32f103xe.o(STACK) for Stack_Mem
    main.o(i.SystemClock_Config) refers to rt_memclr_w.o(.text) for __aeabi_memclr4
    main.o(i.SystemClock_Config) refers to stm32f1xx_hal_rcc.o(i.HAL_RCC_OscConfig) for HAL_RCC_OscConfig
    main.o(i.SystemClock_Config) refers to stm32f1xx_hal_rcc.o(i.HAL_RCC_ClockConfig) for HAL_RCC_ClockConfig
    main.o(i.SystemClock_Config) refers to stm32f1xx_hal_rcc_ex.o(i.HAL_RCCEx_PeriphCLKConfig) for HAL_RCCEx_PeriphCLKConfig
    main.o(i.main) refers to stm32f1xx_hal.o(i.HAL_Init) for HAL_Init
    main.o(i.main) refers to main.o(i.SystemClock_Config) for SystemClock_Config
    main.o(i.main) refers to gpio.o(i.MX_GPIO_Init) for MX_GPIO_Init
    main.o(i.main) refers to tim.o(i.MX_TIM3_Init) for MX_TIM3_Init
    main.o(i.main) refers to tim.o(i.MX_TIM4_Init) for MX_TIM4_Init
    main.o(i.main) refers to tim.o(i.MX_TIM6_Init) for MX_TIM6_Init
    main.o(i.main) refers to tim.o(i.MX_TIM8_Init) for MX_TIM8_Init
    main.o(i.main) refers to usart.o(i.MX_USART1_UART_Init) for MX_USART1_UART_Init
    main.o(i.main) refers to adc.o(i.MX_ADC1_Init) for MX_ADC1_Init
    main.o(i.main) refers to bsp.o(i.bsp_init) for bsp_init
    main.o(i.main) refers to bsp_bluetooth.o(i.bluetooth_init) for bluetooth_init
    main.o(i.main) refers to bsp_timer.o(i.TIM6_Init) for TIM6_Init
    main.o(i.main) refers to intsever.o(i.MPU6050_EXTI_Init) for MPU6050_EXTI_Init
    main.o(i.main) refers to bsp_key.o(i.Key1_State) for Key1_State
    main.o(i.main) refers to app.o(i.app_user) for app_user
    main.o(i.main) refers to main.o(.data) for .data
    main.o(i.main) refers to pid_control.o(.data) for Car_Target_Velocity
    gpio.o(i.MX_GPIO_Init) refers to stm32f1xx_hal_gpio.o(i.HAL_GPIO_WritePin) for HAL_GPIO_WritePin
    gpio.o(i.MX_GPIO_Init) refers to stm32f1xx_hal_gpio.o(i.HAL_GPIO_Init) for HAL_GPIO_Init
    gpio.o(i.MX_GPIO_Init) refers to stm32f1xx_hal_cortex.o(i.HAL_NVIC_SetPriority) for HAL_NVIC_SetPriority
    gpio.o(i.MX_GPIO_Init) refers to stm32f1xx_hal_cortex.o(i.HAL_NVIC_EnableIRQ) for HAL_NVIC_EnableIRQ
    adc.o(i.HAL_ADC_MspDeInit) refers to stm32f1xx_hal_gpio.o(i.HAL_GPIO_DeInit) for HAL_GPIO_DeInit
    adc.o(i.HAL_ADC_MspInit) refers to stm32f1xx_hal_gpio.o(i.HAL_GPIO_Init) for HAL_GPIO_Init
    adc.o(i.MX_ADC1_Init) refers to stm32f1xx_hal_adc.o(i.HAL_ADC_Init) for HAL_ADC_Init
    adc.o(i.MX_ADC1_Init) refers to main.o(i.Error_Handler) for Error_Handler
    adc.o(i.MX_ADC1_Init) refers to stm32f1xx_hal_adc.o(i.HAL_ADC_ConfigChannel) for HAL_ADC_ConfigChannel
    adc.o(i.MX_ADC1_Init) refers to adc.o(.bss) for .bss
    tim.o(i.HAL_TIM_Base_MspDeInit) refers to stm32f1xx_hal_cortex.o(i.HAL_NVIC_DisableIRQ) for HAL_NVIC_DisableIRQ
[...]
    MPU6050_setFullScaleGyroRange            0x08006a45   Thumb Code    18  mpu6050.o(i.MPU6050_setFullScaleGyroRange)
    MPU6050_setI2CBypassEnabled              0x08006a57   Thumb Code    12  mpu6050.o(i.MPU6050_setI2CBypassEnabled)
    MPU6050_setI2CMasterModeEnabled          0x08006a63   Thumb Code    12  mpu6050.o(i.MPU6050_setI2CMasterModeEnabled)
    MPU6050_setSleepEnabled                  0x08006a6f   Thumb Code    12  mpu6050.o(i.MPU6050_setSleepEnabled)
    MX_ADC1_Init                             0x08006a7d   Thumb Code    72  adc.o(i.MX_ADC1_Init)
    MX_GPIO_Init                             0x08006acd   Thumb Code   230  gpio.o(i.MX_GPIO_Init)
    MX_TIM3_Init                             0x08006bc5   Thumb Code    98  tim.o(i.MX_TIM3_Init)
    MX_TIM4_Init                             0x08006c31   Thumb Code    98  tim.o(i.MX_TIM4_Init)
    MX_TIM6_Init                             0x08006c9d   Thumb Code    60  tim.o(i.MX_TIM6_Init)
    MX_TIM8_Init                             0x08006ce1   Thumb Code   240  tim.o(i.MX_TIM8_Init)
    MX_UART5_Init                            0x08006dd9   Thumb Code   192  usart.o(i.MX_UART5_Init)
    MX_USART1_UART_Init                      0x08006eb5   Thumb Code    48  usart.o(i.MX_USART1_UART_Init)
    MemManage_Handler                        0x08006eed   Thumb Code     2  stm32f1xx_it.o(i.MemManage_Handler)
    Motor_start                              0x08006ef1   Thumb Code    38  motor.o(i.Motor_start)
    NMI_Handler                              0x08006f1d   Thumb Code     2  stm32f1xx_it.o(i.NMI_Handler)
    PWM_Ignore                               0x08006f1f   Thumb Code    18  app_motor.o(i.PWM_Ignore)
    PWM_Limit                                0x08006f31   Thumb Code    14  app_motor.o(i.PWM_Limit)
    PendSV_Handler                           0x08006f3f   Thumb Code     2  stm32f1xx_it.o(i.PendSV_Handler)
    Protocol                                 0x08006f41   Thumb Code   722  app_bluetooth.o(i.Protocol)
    ProtocolCpyData                          0x08007269   Thumb Code    30  app_bluetooth.o(i.ProtocolCpyData)
    ProtocolGetPID                           0x08007291   Thumb Code   316  app_bluetooth.o(i.ProtocolGetPID)
    RCC_GetHCLKClockFreq                     0x08007425   Thumb Code    18  stm32f1xx_ll_rcc.o(i.RCC_GetHCLKClockFreq)
    RCC_GetPCLK1ClockFreq                    0x08007441   Thumb Code    20  stm32f1xx_ll_rcc.o(i.RCC_GetPCLK1ClockFreq)
    RCC_GetPCLK2ClockFreq                    0x0800745d   Thumb Code    20  stm32f1xx_ll_rcc.o(i.RCC_GetPCLK2ClockFreq)
    RCC_GetSystemClockFreq                   0x08007479   Thumb Code    26  stm32f1xx_ll_rcc.o(i.RCC_GetSystemClockFreq)
    RCC_PLL_GetFreqDomain_SYS                0x0800749d   Thumb Code    48  stm32f1xx_ll_rcc.o(i.RCC_PLL_GetFreqDomain_SYS)
    Read_DMP                                 0x080074d9   Thumb Code   424  mpu6050.o(i.Read_DMP)
    Read_Encoder                             0x08007689   Thumb Code    26  encoder.o(i.Read_Encoder)
    Read_Temperature                         0x080076ad   Thumb Code    80  mpu6050.o(i.Read_Temperature)
    ResetPID                                 0x0800770d   Thumb Code   124  app_bluetooth.o(i.ResetPID)
    SVC_Handler                              0x080077a5   Thumb Code     2  stm32f1xx_it.o(i.SVC_Handler)
    SendAutoUp                               0x080077a9   Thumb Code    42  app_bluetooth.o(i.SendAutoUp)
    Set_Pwm                                  0x080077dd   Thumb Code    92  app_motor.o(i.Set_Pwm)
    StringFind                               0x0800783d   Thumb Code    64  app_bluetooth.o(i.StringFind)
    SysTick_Handler                          0x0800787d   Thumb Code     4  stm32f1xx_it.o(i.SysTick_Handler)
    SystemClock_Config                       0x08007881   Thumb Code   122  main.o(i.SystemClock_Config)
    SystemInit                               0x080078fb   Thumb Code     2  system_stm32f1xx.o(i.SystemInit)
    TIM6_IRQHandler                          0x080078fd   Thumb Code     6  stm32f1xx_it.o(i.TIM6_IRQHandler)
    TIM6_Init                                0x08007909   Thumb Code     6  bsp_timer.o(i.TIM6_Init)
    TIM_Base_SetConfig                       0x08007915   Thumb Code   120  stm32f1xx_hal_tim.o(i.TIM_Base_SetConfig)
    TIM_CCxChannelCmd                        0x080079a1   Thumb Code   106  stm32f1xx_hal_tim.o(i.TIM_CCxChannelCmd)
    TIM_ETR_SetConfig                        0x08007a51   Thumb Code    20  stm32f1xx_hal_tim.o(i.TIM_ETR_SetConfig)
    TIM_OC2_SetConfig                        0x08007b51   Thumb Code   170  stm32f1xx_hal_tim.o(i.TIM_OC2_SetConfig)
    Turn_Off                                 0x08007dfd   Thumb Code    52  app_motor.o(i.Turn_Off)
    Turn_PD                                  0x08007e45   Thumb Code   124  pid_control.o(i.Turn_PD)
    UART5_DataByte                           0x08007ed9   Thumb Code    16  bsp_bluetooth.o(i.UART5_DataByte)
    UART5_IRQHandler                         0x08007eed   Thumb Code     4  stm32f1xx_it.o(i.UART5_IRQHandler)
    UART5_RX_deal                            0x08007ef1   Thumb Code    22  bsp_bluetooth.o(i.UART5_RX_deal)
    UART5_Send_Char                          0x08007f0d   Thumb Code    22  bsp_bluetooth.o(i.UART5_Send_Char)
    UsageFault_Handler                       0x08008069   Thumb Code     2  stm32f1xx_it.o(i.UsageFault_Handler)
    Velocity_PI                              0x0800806d   Thumb Code   204  pid_control.o(i.Velocity_PI)
    __ARM_fpclassify                         0x0800816d   Thumb Code    40  fpclassify.o(i.__ARM_fpclassify)
    __kernel_poly                            0x080081b5   Thumb Code   170  poly.o(i.__kernel_poly)
    __mathlib_dbl_infnan                     0x0800825f   Thumb Code     6  dunder.o(i.__mathlib_dbl_infnan)
    __mathlib_dbl_infnan2                    0x08008265   Thumb Code     4  dunder.o(i.__mathlib_dbl_infnan2)
    __mathlib_dbl_invalid                    0x08008269   Thumb Code    12  dunder.o(i.__mathlib_dbl_invalid)
    __mathlib_dbl_overflow                   0x08008275   Thumb Code    14  dunder.o(i.__mathlib_dbl_overflow)
    __mathlib_dbl_underflow                  0x08008285   Thumb Code    10  dunder.o(i.__mathlib_dbl_underflow)
    __mathlib_narrow                         0x08008295   Thumb Code    16  narrow.o(i.__mathlib_narrow)
    __mathlib_tofloat                        0x080082a5   Thumb Code   184  narrow.o(i.__mathlib_tofloat)
    __support_ldexp                          0x08008361   Thumb Code    22  ldexp.o(i.__support_ldexp)
    _is_digit                                0x08008377   Thumb Code    14  __printf_wp.o(i._is_digit)
    _sys_exit                                0x08008385   Thumb Code     2  bsp_usart.o(i._sys_exit)
    app_user                                 0x08008409   Thumb Code    38  app.o(i.app_user)
    asin                                     0x08008439   Thumb Code   572  asin.o(i.asin)
    assert_failed                            0x080086a9   Thumb Code     2  main.o(i.assert_failed)
    atan                                     0x080086ad   Thumb Code   474  atan.o(i.atan)
    atan2                                    0x080088cd   Thumb Code   346  atan2.o(i.atan2)
    atof                                     0x08008a4d   Thumb Code    42  atof.o(i.atof)
    bluetooth_init                           0x08008a79   Thumb Code    32  bsp_bluetooth.o(i.bluetooth_init)
    bsp_init                                 0x08008a9d   Thumb Code    56  bsp.o(i.bsp_init)
    cotrol_led                               0x08008ad5   Thumb Code   108  bsp_timer.o(i.cotrol_led)
    deal_bluetooth                           0x08008b4d   Thumb Code    58  app_bluetooth.o(i.deal_bluetooth)
    delay_init                               0x08008b91   Thumb Code    26  delay.o(i.delay_init)
    delay_ms                                 0x08008bb1   Thumb Code    46  delay.o(i.delay_ms)
    delay_us                                 0x08008be5   Thumb Code    46  delay.o(i.delay_us)
    dmp_enable_6x_lp_quat                    0x08008c19   Thumb Code    58  inv_mpu_dmp_motion_driver.o(i.dmp_enable_6x_lp_quat)
    dmp_enable_feature                       0x08008c55   Thumb Code   464  inv_mpu_dmp_motion_driver.o(i.dmp_enable_feature)
    dmp_enable_gyro_cal                      0x08008e2d   Thumb Code    34  inv_mpu_dmp_motion_driver.o(i.dmp_enable_gyro_cal)
    dmp_enable_lp_quat                       0x08008e69   Thumb Code    58  inv_mpu_dmp_motion_driver.o(i.dmp_enable_lp_quat)
    dmp_load_motion_driver_firmware          0x08008ea5   Thumb Code    16  inv_mpu_dmp_motion_driver.o(i.dmp_load_motion_driver_firmware)
    dmp_read_fifo                            0x08008eb9   Thumb Code   320  inv_mpu_dmp_motion_driver.o(i.dmp_read_fifo)
    dmp_set_accel_bias                       0x08008ffd   Thumb Code   210  inv_mpu_dmp_motion_driver.o(i.dmp_set_accel_bias)
    dmp_set_fifo_rate                        0x080090d5   Thumb Code    82  inv_mpu_dmp_motion_driver.o(i.dmp_set_fifo_rate)
    dmp_set_gyro_bias                        0x08009139   Thumb Code   196  inv_mpu_dmp_motion_driver.o(i.dmp_set_gyro_bias)
    dmp_set_orientation                      0x08009205   Thumb Code   246  inv_mpu_dmp_motion_driver.o(i.dmp_set_orientation)
    dmp_set_shake_reject_thresh              0x08009311   Thumb Code    48  inv_mpu_dmp_motion_driver.o(i.dmp_set_shake_reject_thresh)
    dmp_set_shake_reject_time                0x08009341   Thumb Code    32  inv_mpu_dmp_motion_driver.o(i.dmp_set_shake_reject_time)
    dmp_set_shake_reject_timeout             0x08009361   Thumb Code    32  inv_mpu_dmp_motion_driver.o(i.dmp_set_shake_reject_timeout)
    dmp_set_tap_axes                         0x08009381   Thumb Code    64  inv_mpu_dmp_motion_driver.o(i.dmp_set_tap_axes)
    dmp_set_tap_count                        0x080093c1   Thumb Code    34  inv_mpu_dmp_motion_driver.o(i.dmp_set_tap_count)
    dmp_set_tap_thresh                       0x080093e5   Thumb Code   274  inv_mpu_dmp_motion_driver.o(i.dmp_set_tap_thresh)
    dmp_set_tap_time                         0x0800950d   Thumb Code    32  inv_mpu_dmp_motion_driver.o(i.dmp_set_tap_time)
    dmp_set_tap_time_multi                   0x0800952d   Thumb Code    32  inv_mpu_dmp_motion_driver.o(i.dmp_set_tap_time_multi)
    fputc                                    0x0800954d   Thumb Code    18  bsp_usart.o(i.fputc)
    frexp                                    0x08009565   Thumb Code    80  frexp.o(i.frexp)
    i2cRead                                  0x08009a51   Thumb Code   112  ioi2c.o(i.i2cRead)
    i2cWrite                                 0x08009ac1   Thumb Code    84  ioi2c.o(i.i2cWrite)
    init_beep                                0x08009b15   Thumb Code    10  bsp_beep.o(i.init_beep)
    init_led_gpio                            0x08009b25   Thumb Code    10  bsp_led.o(i.init_led_gpio)
    ldexp                                    0x08009b7d   Thumb Code   116  ldexp.o(i.ldexp)
    main                                     0x08009bf1   Thumb Code    90  main.o(i.main)
    mpu_configure_fifo                       0x08009c61   Thumb Code    78  inv_mpu.o(i.mpu_configure_fifo)
    mpu_get_accel_fsr                        0x08009cb5   Thumb Code    54  inv_mpu.o(i.mpu_get_accel_fsr)
    mpu_get_accel_sens                       0x08009cf1   Thumb Code    62  inv_mpu.o(i.mpu_get_accel_sens)
    mpu_get_gyro_fsr                         0x08009d35   Thumb Code    48  inv_mpu.o(i.mpu_get_gyro_fsr)
    mpu_get_gyro_sens                        0x08009d69   Thumb Code    44  inv_mpu.o(i.mpu_get_gyro_sens)
    mpu_get_lpf                              0x08009da9   Thumb Code    52  inv_mpu.o(i.mpu_get_lpf)
    mpu_get_sample_rate                      0x08009de1   Thumb Code    22  inv_mpu.o(i.mpu_get_sample_rate)
    mpu_init                                 0x08009dfd   Thumb Code   310  inv_mpu.o(i.mpu_init)
    mpu_load_firmware                        0x08009f85   Thumb Code   154  inv_mpu.o(i.mpu_load_firmware)
    mpu_lp_accel_mode                        0x0800a025   Thumb Code   178  inv_mpu.o(i.mpu_lp_accel_mode)
    mpu_read_fifo_stream                     0x0800a0dd   Thumb Code   140  inv_mpu.o(i.mpu_read_fifo_stream)
    mpu_read_mem                             0x0800a16d   Thumb Code    80  inv_mpu.o(i.mpu_read_mem)
    mpu_reset_fifo                           0x0800a1c1   Thumb Code   330  inv_mpu.o(i.mpu_reset_fifo)
    mpu_run_self_test                        0x0800a311   Thumb Code   234  inv_mpu.o(i.mpu_run_self_test)
    mpu_set_accel_fsr                        0x0800a401   Thumb Code    98  inv_mpu.o(i.mpu_set_accel_fsr)
    mpu_set_bypass                           0x0800a469   Thumb Code   214  inv_mpu.o(i.mpu_set_bypass)
    mpu_set_dmp_state                        0x0800a545   Thumb Code   114  inv_mpu.o(i.mpu_set_dmp_state)
    mpu_set_gyro_fsr                         0x0800a5bd   Thumb Code   104  inv_mpu.o(i.mpu_set_gyro_fsr)
    mpu_set_int_latched                      0x0800a629   Thumb Code    94  inv_mpu.o(i.mpu_set_int_latched)
    mpu_set_lpf                              0x0800a68d   Thumb Code   102  inv_mpu.o(i.mpu_set_lpf)
    mpu_set_sample_rate                      0x0800a6f9   Thumb Code   124  inv_mpu.o(i.mpu_set_sample_rate)
    mpu_set_sensors                          0x0800a779   Thumb Code   178  inv_mpu.o(i.mpu_set_sensors)
    mpu_write_mem                            0x0800a831   Thumb Code    80  inv_mpu.o(i.mpu_write_mem)
    mul                                      0x0800a885   Thumb Code   122  kf.o(i.mul)
    myabs                                    0x0800a925   Thumb Code     8  pid_control.o(i.myabs)
    myget_ms                                 0x0800a92d   Thumb Code     2  inv_mpu.o(i.myget_ms)
    power_decect                             0x0800a931   Thumb Code    42  bsp_timer.o(i.power_decect)
    sqrt                                     0x0800aa41   Thumb Code    76  sqrt.o(i.sqrt)
    _get_lc_numeric                          0x0800aa8d   Thumb Code    44  lc_numeric_c.o(locale$$code)
    _get_lc_ctype                            0x0800aab9   Thumb Code    44  lc_ctype_c.o(locale$$code)
    __aeabi_d2f                              0x0800aae5   Thumb Code     0  d2f.o(x$fpl$d2f)
    _d2f                                     0x0800aae5   Thumb Code    98  d2f.o(x$fpl$d2f)
    __aeabi_dadd                             0x0800ab49   Thumb Code     0  daddsub_clz.o(x$fpl$dadd)
    _dadd                                    0x0800ab49   Thumb Code   332  daddsub_clz.o(x$fpl$dadd)
    __fpl_dcheck_NaN1                        0x0800ac99   Thumb Code    10  dcheck1.o(x$fpl$dcheck1)
    __fpl_dcmp_Inf                           0x0800aca9   Thumb Code    24  dcmpi.o(x$fpl$dcmpinf)
    __aeabi_ddiv                             0x0800acc1   Thumb Code     0  ddiv.o(x$fpl$ddiv)
    _ddiv                                    0x0800acc1   Thumb Code   552  ddiv.o(x$fpl$ddiv)
    __aeabi_cdcmpeq                          0x0800af71   Thumb Code     0  deqf.o(x$fpl$deqf)
    _dcmpeq                                  0x0800af71   Thumb Code   120  deqf.o(x$fpl$deqf)
    __aeabi_i2d                              0x0800afe9   Thumb Code     0  dflt_clz.o(x$fpl$dflt)
    _dflt                                    0x0800afe9   Thumb Code    46  dflt_clz.o(x$fpl$dflt)
    __aeabi_cdcmple                          0x0800b019   Thumb Code     0  dleqf.o(x$fpl$dleqf)
    _dcmple                                  0x0800b019   Thumb Code   120  dleqf.o(x$fpl$dleqf)
    __fpl_dcmple_InfNaN                      0x0800b07b   Thumb Code     0  dleqf.o(x$fpl$dleqf)
    __aeabi_dmul                             0x0800b091   Thumb Code     0  dmul.o(x$fpl$dmul)
    _dmul                                    0x0800b091   Thumb Code   332  dmul.o(x$fpl$dmul)
    __fpl_dnaninf                            0x0800b1e5   Thumb Code   156  dnaninf.o(x$fpl$dnaninf)
    __fpl_dretinf                            0x0800b281   Thumb Code    12  dretinf.o(x$fpl$dretinf)
    __aeabi_cdrcmple                         0x0800b28d   Thumb Code     0  drleqf.o(x$fpl$drleqf)
    _drcmple                                 0x0800b28d   Thumb Code   108  drleqf.o(x$fpl$drleqf)
    __aeabi_drsub                            0x0800b2f9   Thumb Code     0  daddsub_clz.o(x$fpl$drsb)
    _drsb                                    0x0800b2f9   Thumb Code    22  daddsub_clz.o(x$fpl$drsb)
    _dsqrt                                   0x0800b311   Thumb Code   456  dsqrt_noumaal.o(x$fpl$dsqrt)
    __aeabi_dsub                             0x0800b4dd   Thumb Code     0  daddsub_clz.o(x$fpl$dsub)
    _dsub                                    0x0800b4dd   Thumb Code   464  daddsub_clz.o(x$fpl$dsub)
    __aeabi_f2d                              0x0800b6b1   Thumb Code     0  f2d.o(x$fpl$f2d)
    _f2d                                     0x0800b6b1   Thumb Code    86  f2d.o(x$fpl$f2d)
    __aeabi_fadd                             0x0800b709   Thumb Code     0  faddsub_clz.o(x$fpl$fadd)
    _fadd                                    0x0800b709   Thumb Code   196  faddsub_clz.o(x$fpl$fadd)
    __fpl_fcheck_NaN1                        0x0800b7cd   Thumb Code     6  fcheck1.o(x$fpl$fcheck1)
    __fpl_fcmp_Inf                           0x0800b7d9   Thumb Code    24  fcmpi.o(x$fpl$fcmpinf)
    __aeabi_fdiv                             0x0800b7f1   Thumb Code     0  fdiv.o(x$fpl$fdiv)
    _fdiv                                    0x0800b7f1   Thumb Code   384  fdiv.o(x$fpl$fdiv)
    __aeabi_cfcmpeq                          0x0800b975   Thumb Code     0  feqf.o(x$fpl$feqf)
    _fcmpeq                                  0x0800b975   Thumb Code   104  feqf.o(x$fpl$feqf)
    __aeabi_f2iz                             0x0800b9dd   Thumb Code     0  ffix.o(x$fpl$ffix)
    _ffix                                    0x0800b9dd   Thumb Code    54  ffix.o(x$fpl$ffix)
    __aeabi_f2uiz                            0x0800ba15   Thumb Code     0  ffixu.o(x$fpl$ffixu)
    _ffixu                                   0x0800ba15   Thumb Code    62  ffixu.o(x$fpl$ffixu)
    __aeabi_i2f                              0x0800ba55   Thumb Code     0  fflt_clz.o(x$fpl$fflt)
    _fflt                                    0x0800ba55   Thumb Code    48  fflt_clz.o(x$fpl$fflt)
    __aeabi_ui2f                             0x0800ba85   Thumb Code     0  fflt_clz.o(x$fpl$ffltu)
    _ffltu                                   0x0800ba85   Thumb Code    38  fflt_clz.o(x$fpl$ffltu)
    __aeabi_fmul                             0x0800baad   Thumb Code     0  fmul.o(x$fpl$fmul)
    _fmul                                    0x0800baad   Thumb Code   258  fmul.o(x$fpl$fmul)
    __fpl_fnaninf                            0x0800bbaf   Thumb Code   140  fnaninf.o(x$fpl$fnaninf)
    __fpl_fretinf                            0x0800bc3b   Thumb Code    10  fretinf.o(x$fpl$fretinf)
    __aeabi_fsub                             0x0800bc45   Thumb Code     0  faddsub_clz.o(x$fpl$fsub)
    _fsub                                    0x0800bc45   Thumb Code   234  faddsub_clz.o(x$fpl$fsub)
    __ieee_status                            0x0800bd2f   Thumb Code     6  istatus.o(x$fpl$ieeestatus)
    _printf_fp_dec                           0x0800bd35   Thumb Code     4  printf1.o(x$fpl$printf1)
    __fpl_return_NaN                         0x0800bd39   Thumb Code   100  retnan.o(x$fpl$retnan)
    __ARM_scalbn                             0x0800bd9d   Thumb Code    92  scalbn.o(x$fpl$scalbn)
    __ARM_scalbnf                            0x0800bdf9   Thumb Code    76  scalbnf.o(x$fpl$scalbnf)
    _scanf_real                              0x0800be45   Thumb Code     4  scanf1.o(x$fpl$scanf1)
    _scanf_hex_real                          0x0800be49   Thumb Code     4  scanf2.o(x$fpl$scanf2)
    _scanf_infnan                            0x0800be4d   Thumb Code     4  scanf2.o(x$fpl$scanf2)
    __fpl_cmpreturn                          0x0800be51   Thumb Code    48  trapv.o(x$fpl$trapveneer)
    __I$use$fp                               0x0800be80   Number         0  usenofp.o(x$fpl$usenofp)
    AHBPrescTable                            0x0800bea4   Data          16  system_stm32f1xx.o(.constdata)
    APBPrescTable                            0x0800beb4   Data           8  system_stm32f1xx.o(.constdata)
    hw                                       0x0800bebc   Data          12  inv_mpu.o(.constdata)
    reg                                      0x0800bec8   Data          27  inv_mpu.o(.constdata)
    test                                     0x0800bee4   Data          40  inv_mpu.o(.constdata)
    __mathlib_zero                           0x0800cca8   Data           8  qnan.o(.constdata)
    Region$$Table$$Base                      0x0800cd94   Number         0  anon$$obj.o(Region$$Table)
    Region$$Table$$Limit                     0x0800cdb4   Number         0  anon$$obj.o(Region$$Table)
    __aeabi_HUGE_VAL                         0x0800cdb4   Data           0  fpconst.o(c$$dinf)
    __aeabi_HUGE_VALL                        0x0800cdb4   Data           0  fpconst.o(c$$dinf)
    __aeabi_INFINITY                         0x0800cdb4   Data           0  fpconst.o(c$$dinf)
    __dInf                                   0x0800cdb4   Data           0  fpconst.o(c$$dinf)
    __huge_val                               0x0800cdb4   Data           0  fpconst.o(c$$dinf)
    __dbl_max                                0x0800cdbc   Data           0  fpconst.o(c$$dmax)
    __ctype                                  0x0800cded   Data           0  lc_ctype_c.o(locale$$data)
    GET_Angle_Way                            0x20000000   Data           1  main.o(.data)
    Stop_Flag                                0x20000004   Data           1  main.o(.data)
    Mid_Angle                                0x20000008   Data           4  main.o(.data)
    Angle_Balance                            0x2000000c   Data           4  main.o(.data)
    Gyro_Balance                             0x20000010   Data           4  main.o(.data)
    Gyro_Turn                                0x20000014   Data           4  main.o(.data)
    Motor_Left                               0x20000018   Data           4  main.o(.data)
    Motor_Right                              0x2000001c   Data           4  main.o(.data)
    Temperature                              0x20000020   Data           4  main.o(.data)
    Acceleration_Z                           0x20000024   Data           4  main.o(.data)
    Move_X                                   0x20000028   Data           4  main.o(.data)
    Move_Z                                   0x2000002c   Data           4  main.o(.data)
    uwTickFreq                               0x20000030   Data           1  stm32f1xx_hal.o(.data)
    uwTickPrio                               0x20000034   Data           4  stm32f1xx_hal.o(.data)
    uwTick                                   0x20000038   Data           4  stm32f1xx_hal.o(.data)
    SystemCoreClock                          0x2000003c   Data           4  system_stm32f1xx.o(.data)
    g_key1_long_press                        0x20000044   Data           2  bsp_key.o(.data)
    sensors                                  0x20000048   Data           2  mpu6050.o(.data)
    q0                                       0x2000004c   Data           4  mpu6050.o(.data)
    q1                                       0x20000050   Data           4  mpu6050.o(.data)
    q2                                       0x20000054   Data           4  mpu6050.o(.data)
    q3                                       0x20000058   Data           4  mpu6050.o(.data)
    Roll                                     0x2000005c   Data           4  mpu6050.o(.data)
    Pitch                                    0x20000060   Data           4  mpu6050.o(.data)
    Yaw                                      0x20000064   Data           4  mpu6050.o(.data)
    gyro                                     0x20000068   Data           6  mpu6050.o(.data)
    accel                                    0x2000006e   Data           6  mpu6050.o(.data)
    lower_power_flag                         0x20000082   Data           1  bsp_timer.o(.data)
    bulettohflag                             0x20000083   Data           1  bsp_timer.o(.data)
    led_flag                                 0x20000088   Data           2  bsp_timer.o(.data)
    led_twinkle_count                        0x2000008a   Data           2  bsp_timer.o(.data)
    led_count                                0x2000008c   Data           2  bsp_timer.o(.data)
    __stdout                                 0x20000094   Data           4  bsp_usart.o(.data)
    newLineReceived                          0x20000098   Data           1  app_bluetooth.o(.data)
    startBit                                 0x20000099   Data           1  app_bluetooth.o(.data)
    g_newcarstate                            0x2000009a   Data           1  app_bluetooth.o(.data)
    g_autoup                                 0x2000009c   Data           4  app_bluetooth.o(.data)
    num                                      0x200000a0   Data           4  app_bluetooth.o(.data)
    int9num                                  0x200000a4   Data           4  app_bluetooth.o(.data)
    s_Acc                                    0x200000a8   Data           4  app_bluetooth.o(.data)
    s_Gyro                                   0x200000ac   Data           4  app_bluetooth.o(.data)
    g_uptimes                                0x200000b0   Data           4  app_bluetooth.o(.data)
    piddisplay                               0x200000b4   Data          50  app_bluetooth.o(.data)
    battery                                  0x200000e8   Data           4  app_control.o(.data)
    Velocity_Left                            0x200000ec   Data           4  app_motor.o(.data)
    Velocity_Right                           0x200000f0   Data           4  app_motor.o(.data)
    dt                                       0x20000120   Data           4  filter.o(.data)
    Balance_Kp                               0x200001f4   Data           4  pid_control.o(.data)
    Balance_Kd                               0x200001f8   Data           4  pid_control.o(.data)
    Velocity_Kp                              0x200001fc   Data           4  pid_control.o(.data)
    Velocity_Ki                              0x20000200   Data           4  pid_control.o(.data)
    Turn_Kp                                  0x20000204   Data           4  pid_control.o(.data)
    Turn_Kd                                  0x20000208   Data           4  pid_control.o(.data)
    Car_Target_Velocity                      0x2000020c   Data           4  pid_control.o(.data)
    Car_Turn_Amplitude_speed                 0x20000210   Data           4  pid_control.o(.data)
    myTurn_Kd                                0x20000214   Data           4  pid_control.o(.data)
    hadc1                                    0x20000234   Data          48  adc.o(.bss)
    htim3                                    0x20000264   Data          72  tim.o(.bss)
    htim4                                    0x200002ac   Data          72  tim.o(.bss)
    htim6                                    0x200002f4   Data          72  tim.o(.bss)
    htim8                                    0x2000033c   Data          72  tim.o(.bss)
    huart1                                   0x20000384   Data          72  usart.o(.bss)
    manydisplay                              0x200003cc   Data          80  app_bluetooth.o(.bss)
    updata                                   0x2000041c   Data          80  app_bluetooth.o(.bss)
    inputString                              0x2000046c   Data          80  app_bluetooth.o(.bss)
    ProtocolString                           0x200004bc   Data          80  app_bluetooth.o(.bss)
    PID_Original                             0x2000050c   Data          24  app_bluetooth.o(.bss)
    lspeed                                   0x20000524   Data          10  app_bluetooth.o(.bss)
    rspeed                                   0x2000052e   Data          10  app_bluetooth.o(.bss)
    daccel                                   0x20000538   Data          10  app_bluetooth.o(.bss)
    dgyro                                    0x20000542   Data          10  app_bluetooth.o(.bss)
    csb                                      0x2000054c   Data          10  app_bluetooth.o(.bss)
    vi                                       0x20000556   Data          10  app_bluetooth.o(.bss)
    charkp                                   0x20000560   Data          10  app_bluetooth.o(.bss)
    charkd                                   0x2000056a   Data          10  app_bluetooth.o(.bss)
    charksp                                  0x20000574   Data          10  app_bluetooth.o(.bss)
    charksi                                  0x2000057e   Data          10  app_bluetooth.o(.bss)
    charktp                                  0x20000588   Data          10  app_bluetooth.o(.bss)
    charktd                                  0x20000592   Data          10  app_bluetooth.o(.bss)
    __libspace_start                         0x200005cc   Data          96  libspace.o(.bss)
    __temporary_stack_top$libspace           0x2000062c   Data           0  libspace.o(.bss)



==============================================================================

Memory Map of the image

  Image Entry point : 0x08000131

  Load Region LR_IROM1 (Base: 0x08000000, Size: 0x0000d124, Max: 0x00040000, ABSOLUTE, COMPRESSED[0x0000cf40])

    Execution Region ER_IROM1 (Exec base: 0x08000000, Load base: 0x08000000, Size: 0x0000cef0, Max: 0x00040000, ABSOLUTE)

    Exec Addr    Load Addr    Size         Type   Attr      Idx    E Section Name        Object

    0x08000000   0x08000000   0x00000130   Data   RO            3    RESET               startup_stm32f103xe.o
    0x08000130   0x08000130   0x00000008   Code   RO         5227  * !!!main             c_w.l(__main.o)
    0x08000138   0x08000138   0x00000034   Code   RO         5662    !!!scatter          c_w.l(__scatter.o)
    0x0800016c   0x0800016c   0x0000005a   Code   RO         5660    !!dczerorl2         c_w.l(__dczerorl2.o)
    0x080001c6   0x080001c6   0x00000002   PAD
    0x080001c8   0x080001c8   0x0000001c   Code   RO         5664    !!handler_zi        c_w.l(__scatter_zi.o)
    0x080001e4   0x080001e4   0x00000000   Code   RO         5210    .ARM.Collect$$_printf_percent$$00000000  c_w.l(_printf_percent.o)
    0x080001e4   0x080001e4   0x00000006   Code   RO         5209    .ARM.Collect$$_printf_percent$$00000003  c_w.l(_printf_f.o)
    0x080001ea   0x080001ea   0x00000006   Code   RO         5208    .ARM.Collect$$_printf_percent$$00000009  c_w.l(_printf_d.o)
    0x080001f0   0x080001f0   0x00000004   Code   RO         5324    .ARM.Collect$$_printf_percent$$00000017  c_w.l(_printf_percent_end.o)
    0x080001f4   0x080001f4   0x00000002   Code   RO         5482    .ARM.Collect$$libinit$$00000000  c_w.l(libinit.o)
    0x080001f6   0x080001f6   0x00000000   Code   RO         5484    .ARM.Collect$$libinit$$00000002  c_w.l(libinit2.o)
    0x080001f6   0x080001f6   0x00000000   Code   RO         5486    .ARM.Collect$$libinit$$00000004  c_w.l(libinit2.o)
    0x080001f6   0x080001f6   0x00000000   Code   RO         5489    .ARM.Collect$$libinit$$0000000A  c_w.l(libinit2.o)
    0x080001f6   0x080001f6   0x00000000   Code   RO         5491    .ARM.Collect$$libinit$$0000000C  c_w.l(libinit2.o)
    0x080001f6   0x080001f6   0x00000000   Code   RO         5493    .ARM.Collect$$libinit$$0000000E  c_w.l(libinit2.o)
    0x080001f6   0x080001f6   0x00000006   Code   RO         5494    .ARM.Collect$$libinit$$0000000F  c_w.l(libinit2.o)
    0x080001fc   0x080001fc   0x00000000   Code   RO         5496    .ARM.Collect$$libinit$$00000011  c_w.l(libinit2.o)
    0x080001fc   0x080001fc   0x0000000c   Code   RO         5497    .ARM.Collect$$libinit$$00000012  c_w.l(libinit2.o)
    0x08000208   0x08000208   0x00000000   Code   RO         5498    .ARM.Collect$$libinit$$00000013  c_w.l(libinit2.o)
    0x08000208   0x08000208   0x00000000   Code   RO         5500    .ARM.Collect$$libinit$$00000015  c_w.l(libinit2.o)
    0x08000208   0x08000208   0x0000000a   Code   RO         5501    .ARM.Collect$$libinit$$00000016  c_w.l(libinit2.o)
    0x08000212   0x08000212   0x00000000   Code   RO         5502    .ARM.Collect$$libinit$$00000017  c_w.l(libinit2.o)
    0x08000212   0x08000212   0x00000000   Code   RO         5504    .ARM.Collect$$libinit$$00000019  c_w.l(libinit2.o)
    0x08000212   0x08000212   0x00000000   Code   RO         5506    .ARM.Collect$$libinit$$0000001B  c_w.l(libinit2.o)
    0x08000212   0x08000212   0x00000000   Code   RO         5508    .ARM.Collect$$libinit$$0000001D  c_w.l(libinit2.o)
    0x08000212   0x08000212   0x00000000   Code   RO         5510    .ARM.Collect$$libinit$$0000001F  c_w.l(libinit2.o)
    0x08000212   0x08000212   0x00000000   Code   RO         5512    .ARM.Collect$$libinit$$00000021  c_w.l(libinit2.o)
    0x08000212   0x08000212   0x00000000   Code   RO         5514    .ARM.Collect$$libinit$$00000023  c_w.l(libinit2.o)
    0x08000212   0x08000212   0x00000000   Code   RO         5516    .ARM.Collect$$libinit$$00000025  c_w.l(libinit2.o)
    0x08000212   0x08000212   0x00000000   Code   RO         5520    .ARM.Collect$$libinit$$0000002C  c_w.l(libinit2.o)
    0x08000212   0x08000212   0x00000000   Code   RO         5522    .ARM.Collect$$libinit$$0000002E  c_w.l(libinit2.o)
    0x08000212   0x08000212   0x00000000   Code   RO         5524    .ARM.Collect$$libinit$$00000030  c_w.l(libinit2.o)
    0x08000212   0x08000212   0x00000000   Code   RO         5526    .ARM.Collect$$libinit$$00000032  c_w.l(libinit2.o)
    0x08000212   0x08000212   0x00000002   Code   RO         5527    .ARM.Collect$$libinit$$00000033  c_w.l(libinit2.o)
    0x08000214   0x08000214   0x00000002   Code   RO         5608    .ARM.Collect$$libshutdown$$00000000  c_w.l(libshutdown.o)
    0x08000216   0x08000216   0x00000000   Code   RO         5629    .ARM.Collect$$libshutdown$$00000002  c_w.l(libshutdown2.o)
    0x08000216   0x08000216   0x00000000   Code   RO         5631    .ARM.Collect$$libshutdown$$00000004  c_w.l(libshutdown2.o)
    0x08000216   0x08000216   0x00000000   Code   RO         5634    .ARM.Collect$$libshutdown$$00000007  c_w.l(libshutdown2.o)
    0x08000216   0x08000216   0x00000000   Code   RO         5637    .ARM.Collect$$libshutdown$$0000000A  c_w.l(libshutdown2.o)
    0x08000216   0x08000216   0x00000000   Code   RO         5639    .ARM.Collect$$libshutdown$$0000000C  c_w.l(libshutdown2.o)
    0x08000216   0x08000216   0x00000000   Code   RO         5642    .ARM.Collect$$libshutdown$$0000000F  c_w.l(libshutdown2.o)
    0x08000216   0x08000216   0x00000002   Code   RO         5643    .ARM.Collect$$libshutdown$$00000010  c_w.l(libshutdown2.o)
    0x08000218   0x08000218   0x00000000   Code   RO         5309    .ARM.Collect$$rtentry$$00000000  c_w.l(__rtentry.o)
    0x08000218   0x08000218   0x00000000   Code   RO         5382    .ARM.Collect$$rtentry$$00000002  c_w.l(__rtentry2.o)
    0x08000218   0x08000218   0x00000006   Code   RO         5394    .ARM.Collect$$rtentry$$00000004  c_w.l(__rtentry4.o)
    0x0800021e   0x0800021e   0x00000000   Code   RO         5384    .ARM.Collect$$rtentry$$00000009  c_w.l(__rtentry2.o)
    0x0800021e   0x0800021e   0x00000004   Code   RO         5385    .ARM.Collect$$rtentry$$0000000A  c_w.l(__rtentry2.o)
    0x08000222   0x08000222   0x00000000   Code   RO         5387    .ARM.Collect$$rtentry$$0000000C  c_w.l(__rtentry2.o)
    0x08000222   0x08000222   0x00000008   Code   RO         5388    .ARM.Collect$$rtentry$$0000000D  c_w.l(__rtentry2.o)
    0x0800022a   0x0800022a   0x00000002   Code   RO         5532    .ARM.Collect$$rtexit$$00000000  c_w.l(rtexit.o)
    0x0800022c   0x0800022c   0x00000000   Code   RO         5562    .ARM.Collect$$rtexit$$00000002  c_w.l(rtexit2.o)
    0x0800022c   0x0800022c   0x00000004   Code   RO         5563    .ARM.Collect$$rtexit$$00000003  c_w.l(rtexit2.o)
    0x08000230   0x08000230   0x00000006   Code   RO         5564    .ARM.Collect$$rtexit$$00000004  c_w.l(rtexit2.o)
    0x08000236   0x08000236   0x00000002   PAD
    0x08000238   0x08000238   0x00000040   Code   RO            4    .text               startup_stm32f103xe.o
    0x08000278   0x08000278   0x00000002   Code   RO         5168    .text               c_w.l(use_no_semi_2.o)
    0x0800027a   0x0800027a   0x00000048   Code   RO         5172    .text               c_w.l(llsdiv.o)
    0x080002c2   0x080002c2   0x00000002   PAD
    0x080002c4   0x080002c4   0x00000018   Code   RO         5178    .text               c_w.l(noretval__2printf.o)
    0x080002dc   0x080002dc   0x00000028   Code   RO         5180    .text               c_w.l(noretval__2sprintf.o)
    0x08000304   0x08000304   0x0000004e   Code   RO         5184    .text               c_w.l(_printf_pad.o)
    0x08000352   0x08000352   0x00000002   PAD
    0x08000354   0x08000354   0x00000078   Code   RO         5186    .text               c_w.l(_printf_dec.o)
    0x080003cc   0x080003cc   0x0000010e   Code   RO         5196    .text               c_w.l(__printf_wp.o)
    0x080004da   0x080004da   0x00000058   Code   RO         5211    .text               c_w.l(memcmp.o)
    0x08000532   0x08000532   0x0000003e   Code   RO         5213    .text               c_w.l(strlen.o)
    0x08000570   0x08000570   0x00000018   Code   RO         5215    .text               c_w.l(strcat.o)
    0x08000588   0x08000588   0x0000008a   Code   RO         5217    .text               c_w.l(rt_memcpy_v6.o)
    0x08000612   0x08000612   0x00000064   Code   RO         5219    .text               c_w.l(rt_memcpy_w.o)
    0x08000676   0x08000676   0x00000010   Code   RO         5221    .text               c_w.l(aeabi_memset.o)
    0x08000686   0x08000686   0x0000004e   Code   RO         5223    .text               c_w.l(rt_memclr_w.o)
    0x080006d4   0x080006d4   0x00000006   Code   RO         5225    .text               c_w.l(heapauxi.o)
    0x080006da   0x080006da   0x00000002   Code   RO         5307    .text               c_w.l(use_no_semi.o)
    0x080006dc   0x080006dc   0x000000ee   Code   RO         5310    .text               c_w.l(lludivv7m.o)
    0x080007ca   0x080007ca   0x00000016   Code   RO         5312    .text               c_w.l(_rserrno.o)
    0x080007e0   0x080007e0   0x000000b2   Code   RO         5314    .text               c_w.l(_printf_intcommon.o)
    0x08000892   0x08000892   0x0000041e   Code   RO         5316    .text               c_w.l(_printf_fp_dec.o)
    0x08000cb0   0x08000cb0   0x00000030   Code   RO         5318    .text               c_w.l(_printf_char_common.o)
    0x08000ce0   0x08000ce0   0x0000000a   Code   RO         5320    .text               c_w.l(_sputc.o)
    0x08000cea   0x08000cea   0x00000002   PAD
    0x08000cec   0x08000cec   0x00000024   Code   RO         5322    .text               c_w.l(_printf_char_file.o)
    0x08000d10   0x08000d10   0x000000a4   Code   RO         5325    .text               c_w.l(strtod.o)
    0x08000db4   0x08000db4   0x00000044   Code   RO         5327    .text               c_w.l(rt_memclr.o)
    0x08000df8   0x08000df8   0x00000008   Code   RO         5403    .text               c_w.l(rt_locale_intlibspace.o)
    0x08000e00   0x08000e00   0x00000008   Code   RO         5408    .text               c_w.l(rt_errno_addr_intlibspace.o)
    0x08000e08   0x08000e08   0x0000008a   Code   RO         5410    .text               c_w.l(lludiv10.o)
    0x08000e92   0x08000e92   0x00000012   Code   RO         5412    .text               c_w.l(isspace.o)
    0x08000ea4   0x08000ea4   0x00000080   Code   RO         5414    .text               c_w.l(_printf_fp_infnan.o)
    0x08000f24   0x08000f24   0x00000040   Code   RO         5418    .text               c_w.l(_sgetc.o)
    0x08000f64   0x08000f64   0x000000e4   Code   RO         5420    .text               c_w.l(bigflt0.o)
    0x08001048   0x08001048   0x00000008   Code   RO         5445    .text               c_w.l(ferror.o)
    0x08001050   0x08001050   0x00000008   Code   RO         5462    .text               c_w.l(libspace.o)
    0x08001058   0x08001058   0x0000004a   Code   RO         5465    .text               c_w.l(sys_stackheap_outer.o)
    0x080010a2   0x080010a2   0x00000002   PAD
    0x080010a4   0x080010a4   0x00000010   Code   RO         5467    .text               c_w.l(rt_ctype_table.o)
    0x080010b4   0x080010b4   0x000004f8   Code   RO         5471    .text               c_w.l(scanf_fp.o)
    0x080015ac   0x080015ac   0x00000012   Code   RO         5473    .text               c_w.l(exit.o)
    0x080015be   0x080015be   0x00000002   PAD
    0x080015c0   0x080015c0   0x00000080   Code   RO         5475    .text               c_w.l(strcmpv7m.o)
    0x08001640   0x08001640   0x00000320   Code   RO         5570    .text               c_w.l(scanf_hexfp.o)
    0x08001960   0x08001960   0x00000134   Code   RO         5572    .text               c_w.l(scanf_infnan.o)
    0x08001a94   0x08001a94   0x00000026   Code   RO         5594    .text               c_w.l(llshl.o)
    0x08001aba   0x08001aba   0x0000001c   Code   RO         5596    .text               c_w.l(_chval.o)
    0x08001ad6   0x08001ad6   0x0000003e   Code   RO         5423    CL$$btod_d2e        c_w.l(btod.o)
    0x08001b14   0x08001b14   0x00000046   Code   RO         5425    CL$$btod_d2e_denorm_low  c_w.l(btod.o)
    0x08001b5a   0x08001b5a   0x00000060   Code   RO         5424    CL$$btod_d2e_norm_op1  c_w.l(btod.o)
    0x08001bba   0x08001bba   0x00000338   Code   RO         5433    CL$$btod_div_common  c_w.l(btod.o)
    0x08001ef2   0x08001ef2   0x00000002   PAD
    0x08001ef4   0x08001ef4   0x00000084   Code   RO         5431    CL$$btod_e2d        c_w.l(btod.o)
    0x08001f78   0x08001f78   0x000000dc   Code   RO         5430    CL$$btod_e2e        c_w.l(btod.o)
    0x08002054   0x08002054   0x0000002a   Code   RO         5427    CL$$btod_ediv       c_w.l(btod.o)
    0x0800207e   0x0800207e   0x0000002a   Code   RO         5429    CL$$btod_edivd      c_w.l(btod.o)
    0x080020a8   0x080020a8   0x0000002a   Code   RO         5426    CL$$btod_emul       c_w.l(btod.o)
    0x080020d2   0x080020d2   0x0000002a   Code   RO         5428    CL$$btod_emuld      c_w.l(btod.o)
    0x080020fc   0x080020fc   0x00000244   Code   RO         5432    CL$$btod_mult_common  c_w.l(btod.o)
    0x08002340   0x08002340   0x00000056   Code   RO          671    i.ADC_ConversionStop_Disable  stm32f1xx_hal_adc.o
    0x08002396   0x08002396   0x00000002   PAD
    0x08002398   0x08002398   0x0000007c   Code   RO          675    i.ADC_Enable        stm32f1xx_hal_adc.o
    0x08002414   0x08002414   0x00000058   Code   RO         5120    i.Balance_PD        pid_control.o
    0x0800246c   0x0800246c   0x0000000c   Code   RO         3718    i.Battery_init      bsp_battery.o
    0x08002478   0x08002478   0x00000002   Code   RO          514    i.BusFault_Handler  stm32f1xx_it.o
    0x0800247a   0x0800247a   0x00000002   PAD
    0x0800247c   0x0800247c   0x00000220   Code   RO         4366    i.CalcUpData        app_bluetooth.o
    0x0800269c   0x0800269c   0x00000044   Code   RO         5044    i.Complementary_Filter_x  filter.o
    0x080026e0   0x080026e0   0x00000044   Code   RO         5045    i.Complementary_Filter_y  filter.o
    0x08002724   0x08002724   0x00000224   Code   RO         4146    i.DMP_Init          mpu6050.o
    0x08002948   0x08002948   0x00000002   Code   RO          515    i.DebugMon_Handler  stm32f1xx_it.o
    0x0800294a   0x0800294a   0x00000008   Code   RO          516    i.EXTI15_10_IRQHandler  stm32f1xx_it.o
    0x08002952   0x08002952   0x00000002   PAD
    0x08002954   0x08002954   0x00000018   Code   RO         3883    i.Encoder_Init_TIM3  encoder.o
    0x0800296c   0x0800296c   0x00000018   Code   RO         3884    i.Encoder_Init_TIM4  encoder.o
    0x08002984   0x08002984   0x00000004   Code   RO           13    i.Error_Handler     main.o
    0x08002988   0x08002988   0x00000344   Code   RO         4475    i.Get_Angle         app_control.o
    0x08002ccc   0x08002ccc   0x00000014   Code   RO         3719    i.Get_Battery_Volotage  bsp_battery.o
    0x08002ce0   0x08002ce0   0x00000030   Code   RO         3720    i.Get_Measure_Volotage  bsp_battery.o
    0x08002d10   0x08002d10   0x000000d4   Code   RO         4512    i.Get_Velocity_Form_Encoder  app_motor.o
    0x08002de4   0x08002de4   0x00000134   Code   RO          851    i.HAL_ADCEx_Calibration_Start  stm32f1xx_hal_adc_ex.o
    0x08002f18   0x08002f18   0x00000220   Code   RO          677    i.HAL_ADC_ConfigChannel  stm32f1xx_hal_adc.o
    0x08003138   0x08003138   0x00000064   Code   RO          684    i.HAL_ADC_GetValue  stm32f1xx_hal_adc.o
    0x0800319c   0x0800319c   0x0000022c   Code   RO          686    i.HAL_ADC_Init      stm32f1xx_hal_adc.o
    0x080033c8   0x080033c8   0x00000058   Code   RO          332    i.HAL_ADC_MspInit   adc.o
    0x08003420   0x08003420   0x00000198   Code   RO          690    i.HAL_ADC_PollForConversion  stm32f1xx_hal_adc.o
    0x080035b8   0x080035b8   0x00000114   Code   RO          692    i.HAL_ADC_Start     stm32f1xx_hal_adc.o
    0x080036cc   0x080036cc   0x00000024   Code   RO          954    i.HAL_Delay         stm32f1xx_hal.o
    0x080036f0   0x080036f0   0x000000b8   Code   RO         4476    i.HAL_GPIO_EXTI_Callback  app_control.o
    0x080037a8   0x080037a8   0x00000018   Code   RO         1263    i.HAL_GPIO_EXTI_IRQHandler  stm32f1xx_hal_gpio.o
    0x080037c0   0x080037c0   0x00000344   Code   RO         1264    i.HAL_GPIO_Init     stm32f1xx_hal_gpio.o
    0x08003b04   0x08003b04   0x00000050   Code   RO         1266    i.HAL_GPIO_ReadPin  stm32f1xx_hal_gpio.o
    0x08003b54   0x08003b54   0x00000064   Code   RO         1268    i.HAL_GPIO_WritePin  stm32f1xx_hal_gpio.o
    0x08003bb8   0x08003bb8   0x0000000c   Code   RO          958    i.HAL_GetTick       stm32f1xx_hal.o
    0x08003bc4   0x08003bc4   0x00000010   Code   RO          964    i.HAL_IncTick       stm32f1xx_hal.o
    0x08003bd4   0x08003bd4   0x00000024   Code   RO          965    i.HAL_Init          stm32f1xx_hal.o
    0x08003bf8   0x08003bf8   0x00000040   Code   RO          966    i.HAL_InitTick      stm32f1xx_hal.o
    0x08003c38   0x08003c38   0x00000044   Code   RO          611    i.HAL_MspInit       stm32f1xx_hal_msp.o
    0x08003c7c   0x08003c7c   0x00000064   Code   RO         1423    i.HAL_NVIC_DisableIRQ  stm32f1xx_hal_cortex.o
    0x08003ce0   0x08003ce0   0x0000005c   Code   RO         1424    i.HAL_NVIC_EnableIRQ  stm32f1xx_hal_cortex.o
    0x08003d3c   0x08003d3c   0x00000098   Code   RO         1430    i.HAL_NVIC_SetPriority  stm32f1xx_hal_cortex.o
    0x08003dd4   0x08003dd4   0x00000078   Code   RO         1431    i.HAL_NVIC_SetPriorityGrouping  stm32f1xx_hal_cortex.o
    0x08003e4c   0x08003e4c   0x0000010c   Code   RO         1225    i.HAL_RCCEx_GetPeriphCLKFreq  stm32f1xx_hal_rcc_ex.o
    0x08003f58   0x08003f58   0x00000194   Code   RO         1226    i.HAL_RCCEx_PeriphCLKConfig  stm32f1xx_hal_rcc_ex.o
    0x080040ec   0x080040ec   0x00000224   Code   RO         1122    i.HAL_RCC_ClockConfig  stm32f1xx_hal_rcc.o
    0x08004310   0x08004310   0x00000020   Code   RO         1129    i.HAL_RCC_GetPCLK1Freq  stm32f1xx_hal_rcc.o
    0x08004330   0x08004330   0x00000020   Code   RO         1130    i.HAL_RCC_GetPCLK2Freq  stm32f1xx_hal_rcc.o
    0x08004350   0x08004350   0x0000004c   Code   RO         1131    i.HAL_RCC_GetSysClockFreq  stm32f1xx_hal_rcc.o
    0x0800439c   0x0800439c   0x0000048a   Code   RO         1134    i.HAL_RCC_OscConfig  stm32f1xx_hal_rcc.o
    0x08004826   0x08004826   0x00000028   Code   RO         1435    i.HAL_SYSTICK_Config  stm32f1xx_hal_cortex.o
    0x0800484e   0x0800484e   0x00000002   Code   RO         2838    i.HAL_TIMEx_BreakCallback  stm32f1xx_hal_tim_ex.o
    0x08004850   0x08004850   0x00000002   Code   RO         2839    i.HAL_TIMEx_CommutCallback  stm32f1xx_hal_tim_ex.o
    0x08004852   0x08004852   0x00000002   PAD
    0x08004854   0x08004854   0x00000140   Code   RO         2841    i.HAL_TIMEx_ConfigBreakDeadTime  stm32f1xx_hal_tim_ex.o
    0x08004994   0x08004994   0x00000134   Code   RO         2857    i.HAL_TIMEx_MasterConfigSynchronization  stm32f1xx_hal_tim_ex.o
    0x08004ac8   0x08004ac8   0x00000144   Code   RO         2133    i.HAL_TIM_Base_Init  stm32f1xx_hal_tim.o
    0x08004c0c   0x08004c0c   0x00000054   Code   RO          374    i.HAL_TIM_Base_MspInit  tim.o
    0x08004c60   0x08004c60   0x000000e4   Code   RO         2138    i.HAL_TIM_Base_Start_IT  stm32f1xx_hal_tim.o
    0x08004d44   0x08004d44   0x00000398   Code   RO         2142    i.HAL_TIM_ConfigClockSource  stm32f1xx_hal_tim.o
    0x080050dc   0x080050dc   0x0000023c   Code   RO         2154    i.HAL_TIM_Encoder_Init  stm32f1xx_hal_tim.o
    0x08005318   0x08005318   0x0000008c   Code   RO          376    i.HAL_TIM_Encoder_MspInit  tim.o
    0x080053a4   0x080053a4   0x00000114   Code   RO         2157    i.HAL_TIM_Encoder_Start  stm32f1xx_hal_tim.o
    0x080054b8   0x080054b8   0x00000002   Code   RO         2167    i.HAL_TIM_IC_CaptureCallback  stm32f1xx_hal_tim.o
    0x080054ba   0x080054ba   0x00000166   Code   RO         2181    i.HAL_TIM_IRQHandler  stm32f1xx_hal_tim.o
    0x08005620   0x08005620   0x0000004c   Code   RO          377    i.HAL_TIM_MspPostInit  tim.o
    0x0800566c   0x0800566c   0x00000002   Code   RO         2184    i.HAL_TIM_OC_DelayElapsedCallback  stm32f1xx_hal_tim.o
    0x0800566e   0x0800566e   0x00000002   PAD
    0x08005670   0x08005670   0x00000218   Code   RO         2205    i.HAL_TIM_PWM_ConfigChannel  stm32f1xx_hal_tim.o
    0x08005888   0x08005888   0x00000144   Code   RO         2208    i.HAL_TIM_PWM_Init  stm32f1xx_hal_tim.o
    0x080059cc   0x080059cc   0x00000002   Code   RO         2210    i.HAL_TIM_PWM_MspInit  stm32f1xx_hal_tim.o
    0x080059ce   0x080059ce   0x00000002   Code   RO         2211    i.HAL_TIM_PWM_PulseFinishedCallback  stm32f1xx_hal_tim.o
    0x080059d0   0x080059d0   0x00000164   Code   RO         2213    i.HAL_TIM_PWM_Start  stm32f1xx_hal_tim.o
    0x08005b34   0x08005b34   0x00000074   Code   RO         4261    i.HAL_TIM_PeriodElapsedCallback  bsp_timer.o
    0x08005ba8   0x08005ba8   0x00000002   Code   RO         2224    i.HAL_TIM_TriggerCallback  stm32f1xx_hal_tim.o
    0x08005baa   0x08005baa   0x00000002   PAD
    0x08005bac   0x08005bac   0x00000124   Code   RO         3251    i.HAL_UART_Init     stm32f1xx_hal_uart.o
    0x08005cd0   0x08005cd0   0x00000070   Code   RO          452    i.HAL_UART_MspInit  usart.o
    0x08005d40   0x08005d40   0x00000002   Code   RO          517    i.HardFault_Handler  stm32f1xx_it.o
    0x08005d42   0x08005d42   0x0000003e   Code   RO         3919    i.I2C_ReadOneByte   ioi2c.o
    0x08005d80   0x08005d80   0x00000040   Code   RO         3920    i.IIC_Ack           ioi2c.o
    0x08005dc0   0x08005dc0   0x00000040   Code   RO         3922    i.IIC_NAck          ioi2c.o
    0x08005e00   0x08005e00   0x0000006c   Code   RO         3923    i.IIC_Read_Byte     ioi2c.o
    0x08005e6c   0x08005e6c   0x00000060   Code   RO         3924    i.IIC_Send_Byte     ioi2c.o
    0x08005ecc   0x08005ecc   0x00000050   Code   RO         3925    i.IIC_Start         ioi2c.o
    0x08005f1c   0x08005f1c   0x00000040   Code   RO         3926    i.IIC_Stop          ioi2c.o
    0x08005f5c   0x08005f5c   0x00000058   Code   RO         3927    i.IIC_Wait_Ack      ioi2c.o
    0x08005fb4   0x08005fb4   0x0000000e   Code   RO         3928    i.IICreadByte       ioi2c.o
    0x08005fc2   0x08005fc2   0x00000032   Code   RO         3930    i.IICwriteBit       ioi2c.o
    0x08005ff4   0x08005ff4   0x00000054   Code   RO         3931    i.IICwriteBits      ioi2c.o
    0x08006048   0x08006048   0x0000000c   Code   RO         3932    i.IICwriteByte      ioi2c.o
    0x08006054   0x08006054   0x00000044   Code   RO         3933    i.IICwriteBytes     ioi2c.o
    0x08006098   0x08006098   0x00000044   Code   RO         4367    i.Init_PID          app_bluetooth.o
    0x080060dc   0x080060dc   0x00000258   Code   RO         5081    i.KF_X              kf.o
    0x08006334   0x08006334   0x00000260   Code   RO         5082    i.KF_Y              kf.o
    0x08006594   0x08006594   0x00000044   Code   RO         4066    i.Key1_State        bsp_key.o
    0x080065d8   0x080065d8   0x00000018   Code   RO          453    i.LL_APB2_GRP1_EnableClock  usart.o
    0x080065f0   0x080065f0   0x000001f0   Code   RO         3172    i.LL_GPIO_Init      stm32f1xx_ll_gpio.o
    0x080067e0   0x080067e0   0x00000020   Code   RO         1936    i.LL_RCC_GetSystemClocksFreq  stm32f1xx_ll_rcc.o
    0x08006800   0x08006800   0x000001f0   Code   RO         3110    i.LL_USART_Init     stm32f1xx_ll_usart.o
    0x080069f0   0x080069f0   0x00000006   Code   RO         4041    i.MPU6050_EXTI_Init  intsever.o
    0x080069f6   0x080069f6   0x0000002a   Code   RO         4148    i.MPU6050_initialize  mpu6050.o
    0x08006a20   0x08006a20   0x00000012   Code   RO         4150    i.MPU6050_setClockSource  mpu6050.o
    0x08006a32   0x08006a32   0x00000012   Code   RO         4151    i.MPU6050_setFullScaleAccelRange  mpu6050.o
    0x08006a44   0x08006a44   0x00000012   Code   RO         4152    i.MPU6050_setFullScaleGyroRange  mpu6050.o
    0x08006a56   0x08006a56   0x0000000c   Code   RO         4153    i.MPU6050_setI2CBypassEnabled  mpu6050.o
    0x08006a62   0x08006a62   0x0000000c   Code   RO         4154    i.MPU6050_setI2CMasterModeEnabled  mpu6050.o
    0x08006a6e   0x08006a6e   0x0000000c   Code   RO         4155    i.MPU6050_setSleepEnabled  mpu6050.o
    0x08006a7a   0x08006a7a   0x00000002   PAD
    0x08006a7c   0x08006a7c   0x00000050   Code   RO          333    i.MX_ADC1_Init      adc.o
    0x08006acc   0x08006acc   0x000000f8   Code   RO          307    i.MX_GPIO_Init      gpio.o
    0x08006bc4   0x08006bc4   0x0000006c   Code   RO          378    i.MX_TIM3_Init      tim.o
    0x08006c30   0x08006c30   0x0000006c   Code   RO          379    i.MX_TIM4_Init      tim.o
    0x08006c9c   0x08006c9c   0x00000044   Code   RO          380    i.MX_TIM6_Init      tim.o
    0x08006ce0   0x08006ce0   0x000000f8   Code   RO          381    i.MX_TIM8_Init      tim.o
    0x08006dd8   0x08006dd8   0x000000dc   Code   RO          454    i.MX_UART5_Init     usart.o
    0x08006eb4   0x08006eb4   0x00000038   Code   RO          455    i.MX_USART1_UART_Init  usart.o
    0x08006eec   0x08006eec   0x00000002   Code   RO          518    i.MemManage_Handler  stm32f1xx_it.o
    0x08006eee   0x08006eee   0x00000002   PAD
    0x08006ef0   0x08006ef0   0x0000002c   Code   RO         4122    i.Motor_start       motor.o
    0x08006f1c   0x08006f1c   0x00000002   Code   RO          519    i.NMI_Handler       stm32f1xx_it.o
    0x08006f1e   0x08006f1e   0x00000012   Code   RO         4513    i.PWM_Ignore        app_motor.o
    0x08006f30   0x08006f30   0x0000000e   Code   RO         4514    i.PWM_Limit         app_motor.o
    0x08006f3e   0x08006f3e   0x00000002   Code   RO          520    i.PendSV_Handler    stm32f1xx_it.o
    0x08006f40   0x08006f40   0x00000328   Code   RO         4368    i.Protocol          app_bluetooth.o
    0x08007268   0x08007268   0x00000028   Code   RO         4369    i.ProtocolCpyData   app_bluetooth.o
    0x08007290   0x08007290   0x00000194   Code   RO         4370    i.ProtocolGetPID    app_bluetooth.o
    0x08007424   0x08007424   0x0000001c   Code   RO         1938    i.RCC_GetHCLKClockFreq  stm32f1xx_ll_rcc.o
    0x08007440   0x08007440   0x0000001c   Code   RO         1939    i.RCC_GetPCLK1ClockFreq  stm32f1xx_ll_rcc.o
    0x0800745c   0x0800745c   0x0000001c   Code   RO         1940    i.RCC_GetPCLK2ClockFreq  stm32f1xx_ll_rcc.o
    0x08007478   0x08007478   0x00000024   Code   RO         1941    i.RCC_GetSystemClockFreq  stm32f1xx_ll_rcc.o
    0x0800749c   0x0800749c   0x0000003c   Code   RO         1942    i.RCC_PLL_GetFreqDomain_SYS  stm32f1xx_ll_rcc.o
    0x080074d8   0x080074d8   0x000001b0   Code   RO         4157    i.Read_DMP          mpu6050.o
    0x08007688   0x08007688   0x00000024   Code   RO         3885    i.Read_Encoder      encoder.o
    0x080076ac   0x080076ac   0x00000060   Code   RO         4158    i.Read_Temperature  mpu6050.o
    0x0800770c   0x0800770c   0x00000098   Code   RO         4371    i.ResetPID          app_bluetooth.o
    0x080077a4   0x080077a4   0x00000002   Code   RO          521    i.SVC_Handler       stm32f1xx_it.o
    0x080077a6   0x080077a6   0x00000002   PAD
    0x080077a8   0x080077a8   0x00000034   Code   RO         4372    i.SendAutoUp        app_bluetooth.o
    0x080077dc   0x080077dc   0x00000060   Code   RO         4515    i.Set_Pwm           app_motor.o
    0x0800783c   0x0800783c   0x00000040   Code   RO         4373    i.StringFind        app_bluetooth.o
    0x0800787c   0x0800787c   0x00000004   Code   RO          522    i.SysTick_Handler   stm32f1xx_it.o
    0x08007880   0x08007880   0x0000007a   Code   RO           14    i.SystemClock_Config  main.o
    0x080078fa   0x080078fa   0x00000002   Code   RO         3644    i.SystemInit        system_stm32f1xx.o
    0x080078fc   0x080078fc   0x0000000c   Code   RO          523    i.TIM6_IRQHandler   stm32f1xx_it.o
    0x08007908   0x08007908   0x0000000c   Code   RO         4262    i.TIM6_Init         bsp_timer.o
    0x08007914   0x08007914   0x0000008c   Code   RO         2226    i.TIM_Base_SetConfig  stm32f1xx_hal_tim.o
    0x080079a0   0x080079a0   0x000000b0   Code   RO         2227    i.TIM_CCxChannelCmd  stm32f1xx_hal_tim.o
    0x08007a50   0x08007a50   0x00000014   Code   RO         2237    i.TIM_ETR_SetConfig  stm32f1xx_hal_tim.o
    0x08007a64   0x08007a64   0x00000010   Code   RO         2238    i.TIM_ITRx_SetConfig  stm32f1xx_hal_tim.o
    0x08007a74   0x08007a74   0x000000dc   Code   RO         2239    i.TIM_OC1_SetConfig  stm32f1xx_hal_tim.o
    0x08007b50   0x08007b50   0x000000e4   Code   RO         2240    i.TIM_OC2_SetConfig  stm32f1xx_hal_tim.o
    0x08007c34   0x08007c34   0x000000e4   Code   RO         2241    i.TIM_OC3_SetConfig  stm32f1xx_hal_tim.o
    0x08007d18   0x08007d18   0x0000009c   Code   RO         2242    i.TIM_OC4_SetConfig  stm32f1xx_hal_tim.o
    0x08007db4   0x08007db4   0x00000022   Code   RO         2244    i.TIM_TI1_ConfigInputStage  stm32f1xx_hal_tim.o
    0x08007dd6   0x08007dd6   0x00000024   Code   RO         2246    i.TIM_TI2_ConfigInputStage  stm32f1xx_hal_tim.o
    0x08007dfa   0x08007dfa   0x00000002   PAD
    0x08007dfc   0x08007dfc   0x00000048   Code   RO         4516    i.Turn_Off          app_motor.o
    0x08007e44   0x08007e44   0x00000094   Code   RO         5121    i.Turn_PD           pid_control.o
    0x08007ed8   0x08007ed8   0x00000014   Code   RO         3791    i.UART5_DataByte    bsp_bluetooth.o
    0x08007eec   0x08007eec   0x00000004   Code   RO          524    i.UART5_IRQHandler  stm32f1xx_it.o
    0x08007ef0   0x08007ef0   0x0000001c   Code   RO         3793    i.UART5_RX_deal     bsp_bluetooth.o
    0x08007f0c   0x08007f0c   0x00000016   Code   RO         3794    i.UART5_Send_Char   bsp_bluetooth.o
    0x08007f22   0x08007f22   0x00000002   PAD
    0x08007f24   0x08007f24   0x00000144   Code   RO         3277    i.UART_SetConfig    stm32f1xx_hal_uart.o
    0x08008068   0x08008068   0x00000002   Code   RO          525    i.UsageFault_Handler  stm32f1xx_it.o
    0x0800806a   0x0800806a   0x00000002   PAD
    0x0800806c   0x0800806c   0x00000100   Code   RO         5122    i.Velocity_PI       pid_control.o
    0x0800816c   0x0800816c   0x00000028   Code   RO         5368    i.__ARM_fpclassify  m_ws.l(fpclassify.o)
    0x08008194   0x08008194   0x00000020   Code   RO         1437    i.__NVIC_SetPriority  stm32f1xx_hal_cortex.o
    0x080081b4   0x080081b4   0x000000aa   Code   RO         5370    i.__kernel_poly     m_ws.l(poly.o)
    0x0800825e   0x0800825e   0x00000006   Code   RO         5355    i.__mathlib_dbl_infnan  m_ws.l(dunder.o)
    0x08008264   0x08008264   0x00000004   Code   RO         5356    i.__mathlib_dbl_infnan2  m_ws.l(dunder.o)
    0x08008268   0x08008268   0x0000000c   Code   RO         5357    i.__mathlib_dbl_invalid  m_ws.l(dunder.o)
    0x08008274   0x08008274   0x0000000e   Code   RO         5358    i.__mathlib_dbl_overflow  m_ws.l(dunder.o)
    0x08008282   0x08008282   0x00000002   PAD
    0x08008284   0x08008284   0x00000010   Code   RO         5360    i.__mathlib_dbl_underflow  m_ws.l(dunder.o)
    0x08008294   0x08008294   0x00000010   Code   RO         5555    i.__mathlib_narrow  m_ws.l(narrow.o)
    0x080082a4   0x080082a4   0x000000bc   Code   RO         5556    i.__mathlib_tofloat  m_ws.l(narrow.o)
    0x08008360   0x08008360   0x00000016   Code   RO         5610    i.__support_ldexp   m_ws.l(ldexp.o)
    0x08008376   0x08008376   0x0000000e   Code   RO         5198    i._is_digit         c_w.l(__printf_wp.o)
    0x08008384   0x08008384   0x00000002   Code   RO         4323    i._sys_exit         bsp_usart.o
    0x08008386   0x08008386   0x00000002   PAD
    0x08008388   0x08008388   0x00000080   Code   RO         4567    i.accel_self_test   inv_mpu.o
    0x08008408   0x08008408   0x00000030   Code   RO         4450    i.app_user          app.o
    0x08008438   0x08008438   0x00000270   Code   RO         5286    i.asin              m_ws.l(asin.o)
    0x080086a8   0x080086a8   0x00000002   Code   RO           15    i.assert_failed     main.o
    0x080086aa   0x080086aa   0x00000002   PAD
    0x080086ac   0x080086ac   0x00000220   Code   RO         5345    i.atan              m_ws.l(atan.o)
    0x080088cc   0x080088cc   0x00000180   Code   RO         5296    i.atan2             m_ws.l(atan2.o)
    0x08008a4c   0x08008a4c   0x0000002a   Code   RO         5304    i.atof              m_ws.l(atof.o)
    0x08008a76   0x08008a76   0x00000002   PAD
    0x08008a78   0x08008a78   0x00000024   Code   RO         3795    i.bluetooth_init    bsp_bluetooth.o
    0x08008a9c   0x08008a9c   0x00000038   Code   RO         3681    i.bsp_init          bsp.o
    0x08008ad4   0x08008ad4   0x00000078   Code   RO         4263    i.cotrol_led        bsp_timer.o
    0x08008b4c   0x08008b4c   0x00000044   Code   RO         4374    i.deal_bluetooth    app_bluetooth.o
    0x08008b90   0x08008b90   0x00000020   Code   RO         3845    i.delay_init        delay.o
    0x08008bb0   0x08008bb0   0x00000034   Code   RO         3846    i.delay_ms          delay.o
    0x08008be4   0x08008be4   0x00000034   Code   RO         3847    i.delay_us          delay.o
    0x08008c18   0x08008c18   0x0000003a   Code   RO         4868    i.dmp_enable_6x_lp_quat  inv_mpu_dmp_motion_driver.o
    0x08008c52   0x08008c52   0x00000002   PAD
    0x08008c54   0x08008c54   0x000001d8   Code   RO         4869    i.dmp_enable_feature  inv_mpu_dmp_motion_driver.o
    0x08008e2c   0x08008e2c   0x0000003c   Code   RO         4870    i.dmp_enable_gyro_cal  inv_mpu_dmp_motion_driver.o
    0x08008e68   0x08008e68   0x0000003a   Code   RO         4871    i.dmp_enable_lp_quat  inv_mpu_dmp_motion_driver.o
    0x08008ea2   0x08008ea2   0x00000002   PAD
    0x08008ea4   0x08008ea4   0x00000014   Code   RO         4876    i.dmp_load_motion_driver_firmware  inv_mpu_dmp_motion_driver.o
    0x08008eb8   0x08008eb8   0x00000144   Code   RO         4877    i.dmp_read_fifo     inv_mpu_dmp_motion_driver.o
    0x08008ffc   0x08008ffc   0x000000d8   Code   RO         4880    i.dmp_set_accel_bias  inv_mpu_dmp_motion_driver.o
    0x080090d4   0x080090d4   0x00000064   Code   RO         4881    i.dmp_set_fifo_rate  inv_mpu_dmp_motion_driver.o
    0x08009138   0x08009138   0x000000cc   Code   RO         4882    i.dmp_set_gyro_bias  inv_mpu_dmp_motion_driver.o
    0x08009204   0x08009204   0x0000010c   Code   RO         4884    i.dmp_set_orientation  inv_mpu_dmp_motion_driver.o
    0x08009310   0x08009310   0x00000030   Code   RO         4887    i.dmp_set_shake_reject_thresh  inv_mpu_dmp_motion_driver.o
    0x08009340   0x08009340   0x00000020   Code   RO         4888    i.dmp_set_shake_reject_time  inv_mpu_dmp_motion_driver.o
    0x08009360   0x08009360   0x00000020   Code   RO         4889    i.dmp_set_shake_reject_timeout  inv_mpu_dmp_motion_driver.o
    0x08009380   0x08009380   0x00000040   Code   RO         4890    i.dmp_set_tap_axes  inv_mpu_dmp_motion_driver.o
    0x080093c0   0x080093c0   0x00000022   Code   RO         4891    i.dmp_set_tap_count  inv_mpu_dmp_motion_driver.o
    0x080093e2   0x080093e2   0x00000002   PAD
    0x080093e4   0x080093e4   0x00000128   Code   RO         4892    i.dmp_set_tap_thresh  inv_mpu_dmp_motion_driver.o
    0x0800950c   0x0800950c   0x00000020   Code   RO         4893    i.dmp_set_tap_time  inv_mpu_dmp_motion_driver.o
    0x0800952c   0x0800952c   0x00000020   Code   RO         4894    i.dmp_set_tap_time_multi  inv_mpu_dmp_motion_driver.o
    0x0800954c   0x0800954c   0x00000018   Code   RO         4324    i.fputc             bsp_usart.o
    0x08009564   0x08009564   0x00000058   Code   RO         5587    i.frexp             m_ws.l(frexp.o)
    0x080095bc   0x080095bc   0x000000ac   Code   RO         4568    i.get_accel_prod_shift  inv_mpu.o
    0x08009668   0x08009668   0x00000314   Code   RO         4569    i.get_st_biases     inv_mpu.o
    0x0800997c   0x0800997c   0x000000d4   Code   RO         4570    i.gyro_self_test    inv_mpu.o
    0x08009a50   0x08009a50   0x00000070   Code   RO         3934    i.i2cRead           ioi2c.o
    0x08009ac0   0x08009ac0   0x00000054   Code   RO         3935    i.i2cWrite          ioi2c.o
    0x08009b14   0x08009b14   0x00000010   Code   RO         3758    i.init_beep         bsp_beep.o
    0x08009b24   0x08009b24   0x00000010   Code   RO         4098    i.init_led_gpio     bsp_led.o
    0x08009b34   0x08009b34   0x00000048   Code   RO         4159    i.inv_row_2_scale   mpu6050.o
    0x08009b7c   0x08009b7c   0x00000074   Code   RO         5611    i.ldexp             m_ws.l(ldexp.o)
    0x08009bf0   0x08009bf0   0x00000070   Code   RO           16    i.main              main.o
    0x08009c60   0x08009c60   0x00000054   Code   RO         4571    i.mpu_configure_fifo  inv_mpu.o
    0x08009cb4   0x08009cb4   0x0000003c   Code   RO         4572    i.mpu_get_accel_fsr  inv_mpu.o
    0x08009cf0   0x08009cf0   0x00000044   Code   RO         4574    i.mpu_get_accel_sens  inv_mpu.o
    0x08009d34   0x08009d34   0x00000034   Code   RO         4580    i.mpu_get_gyro_fsr  inv_mpu.o
    0x08009d68   0x08009d68   0x00000040   Code   RO         4582    i.mpu_get_gyro_sens  inv_mpu.o
    0x08009da8   0x08009da8   0x00000038   Code   RO         4584    i.mpu_get_lpf       inv_mpu.o
    0x08009de0   0x08009de0   0x0000001c   Code   RO         4586    i.mpu_get_sample_rate  inv_mpu.o
    0x08009dfc   0x08009dfc   0x00000188   Code   RO         4588    i.mpu_init          inv_mpu.o
    0x08009f84   0x08009f84   0x000000a0   Code   RO         4589    i.mpu_load_firmware  inv_mpu.o
    0x0800a024   0x0800a024   0x000000b8   Code   RO         4590    i.mpu_lp_accel_mode  inv_mpu.o
    0x0800a0dc   0x0800a0dc   0x00000090   Code   RO         4593    i.mpu_read_fifo_stream  inv_mpu.o
    0x0800a16c   0x0800a16c   0x00000054   Code   RO         4594    i.mpu_read_mem      inv_mpu.o
    0x0800a1c0   0x0800a1c0   0x00000150   Code   RO         4597    i.mpu_reset_fifo    inv_mpu.o
    0x0800a310   0x0800a310   0x000000f0   Code   RO         4598    i.mpu_run_self_test  inv_mpu.o
    0x0800a400   0x0800a400   0x00000068   Code   RO         4600    i.mpu_set_accel_fsr  inv_mpu.o
    0x0800a468   0x0800a468   0x000000dc   Code   RO         4601    i.mpu_set_bypass    inv_mpu.o
    0x0800a544   0x0800a544   0x00000078   Code   RO         4603    i.mpu_set_dmp_state  inv_mpu.o
    0x0800a5bc   0x0800a5bc   0x0000006c   Code   RO         4604    i.mpu_set_gyro_fsr  inv_mpu.o
    0x0800a628   0x0800a628   0x00000064   Code   RO         4605    i.mpu_set_int_latched  inv_mpu.o
    0x0800a68c   0x0800a68c   0x0000006c   Code   RO         4607    i.mpu_set_lpf       inv_mpu.o
    0x0800a6f8   0x0800a6f8   0x00000080   Code   RO         4608    i.mpu_set_sample_rate  inv_mpu.o
    0x0800a778   0x0800a778   0x000000b8   Code   RO         4609    i.mpu_set_sensors   inv_mpu.o
    0x0800a830   0x0800a830   0x00000054   Code   RO         4610    i.mpu_write_mem     inv_mpu.o
    0x0800a884   0x0800a884   0x000000a0   Code   RO         5083    i.mul               kf.o
    0x0800a924   0x0800a924   0x00000008   Code   RO         5123    i.myabs             pid_control.o
    0x0800a92c   0x0800a92c   0x00000002   Code   RO         4611    i.myget_ms          inv_mpu.o
    0x0800a92e   0x0800a92e   0x00000002   PAD
    0x0800a930   0x0800a930   0x0000003c   Code   RO         4266    i.power_decect      bsp_timer.o
    0x0800a96c   0x0800a96c   0x0000007a   Code   RO         4160    i.run_self_test     mpu6050.o
    0x0800a9e6   0x0800a9e6   0x00000002   PAD
    0x0800a9e8   0x0800a9e8   0x00000058   Code   RO         4612    i.set_int_enable    inv_mpu.o
    0x0800aa40   0x0800aa40   0x0000004c   Code   RO         5374    i.sqrt              m_ws.l(sqrt.o)
    0x0800aa8c   0x0800aa8c   0x0000002c   Code   RO         5450    locale$$code        c_w.l(lc_numeric_c.o)
    0x0800aab8   0x0800aab8   0x0000002c   Code   RO         5535    locale$$code        c_w.l(lc_ctype_c.o)
    0x0800aae4   0x0800aae4   0x00000062   Code   RO         5229    x$fpl$d2f           fz_ws.l(d2f.o)
    0x0800ab46   0x0800ab46   0x00000002   PAD
    0x0800ab48   0x0800ab48   0x00000150   Code   RO         5231    x$fpl$dadd          fz_ws.l(daddsub_clz.o)
    0x0800ac98   0x0800ac98   0x00000010   Code   RO         5329    x$fpl$dcheck1       fz_ws.l(dcheck1.o)
    0x0800aca8   0x0800aca8   0x00000018   Code   RO         5528    x$fpl$dcmpinf       fz_ws.l(dcmpi.o)
    0x0800acc0   0x0800acc0   0x000002b0   Code   RO         5238    x$fpl$ddiv          fz_ws.l(ddiv.o)
    0x0800af70   0x0800af70   0x00000078   Code   RO         5582    x$fpl$deqf          fz_ws.l(deqf.o)
    0x0800afe8   0x0800afe8   0x0000002e   Code   RO         5242    x$fpl$dflt          fz_ws.l(dflt_clz.o)
    0x0800b016   0x0800b016   0x00000002   PAD
    0x0800b018   0x0800b018   0x00000078   Code   RO         5452    x$fpl$dleqf         fz_ws.l(dleqf.o)
    0x0800b090   0x0800b090   0x00000154   Code   RO         5247    x$fpl$dmul          fz_ws.l(dmul.o)
    0x0800b1e4   0x0800b1e4   0x0000009c   Code   RO         5331    x$fpl$dnaninf       fz_ws.l(dnaninf.o)
    0x0800b280   0x0800b280   0x0000000c   Code   RO         5333    x$fpl$dretinf       fz_ws.l(dretinf.o)
    0x0800b28c   0x0800b28c   0x0000006c   Code   RO         5584    x$fpl$drleqf        fz_ws.l(drleqf.o)
    0x0800b2f8   0x0800b2f8   0x00000016   Code   RO         5232    x$fpl$drsb          fz_ws.l(daddsub_clz.o)
    0x0800b30e   0x0800b30e   0x00000002   PAD
    0x0800b310   0x0800b310   0x000001cc   Code   RO         5454    x$fpl$dsqrt         fz_ws.l(dsqrt_noumaal.o)
    0x0800b4dc   0x0800b4dc   0x000001d4   Code   RO         5233    x$fpl$dsub          fz_ws.l(daddsub_clz.o)
    0x0800b6b0   0x0800b6b0   0x00000056   Code   RO         5249    x$fpl$f2d           fz_ws.l(f2d.o)
    0x0800b706   0x0800b706   0x00000002   PAD
    0x0800b708   0x0800b708   0x000000c4   Code   RO         5251    x$fpl$fadd          fz_ws.l(faddsub_clz.o)
    0x0800b7cc   0x0800b7cc   0x0000000c   Code   RO         5335    x$fpl$fcheck1       fz_ws.l(fcheck1.o)
    0x0800b7d8   0x0800b7d8   0x00000018   Code   RO         5337    x$fpl$fcmpinf       fz_ws.l(fcmpi.o)
    0x0800b7f0   0x0800b7f0   0x00000184   Code   RO         5258    x$fpl$fdiv          fz_ws.l(fdiv.o)
    0x0800b974   0x0800b974   0x00000068   Code   RO         5261    x$fpl$feqf          fz_ws.l(feqf.o)
    0x0800b9dc   0x0800b9dc   0x00000036   Code   RO         5263    x$fpl$ffix          fz_ws.l(ffix.o)
    0x0800ba12   0x0800ba12   0x00000002   PAD
    0x0800ba14   0x0800ba14   0x0000003e   Code   RO         5267    x$fpl$ffixu         fz_ws.l(ffixu.o)
    0x0800ba52   0x0800ba52   0x00000002   PAD
    0x0800ba54   0x0800ba54   0x00000030   Code   RO         5272    x$fpl$fflt          fz_ws.l(fflt_clz.o)
    0x0800ba84   0x0800ba84   0x00000026   Code   RO         5271    x$fpl$ffltu         fz_ws.l(fflt_clz.o)
    0x0800baaa   0x0800baaa   0x00000002   PAD
    0x0800baac   0x0800baac   0x00000102   Code   RO         5277    x$fpl$fmul          fz_ws.l(fmul.o)
    0x0800bbae   0x0800bbae   0x0000008c   Code   RO         5339    x$fpl$fnaninf       fz_ws.l(fnaninf.o)
    0x0800bc3a   0x0800bc3a   0x0000000a   Code   RO         5341    x$fpl$fretinf       fz_ws.l(fretinf.o)
    0x0800bc44   0x0800bc44   0x000000ea   Code   RO         5253    x$fpl$fsub          fz_ws.l(faddsub_clz.o)
    0x0800bd2e   0x0800bd2e   0x00000006   Code   RO         5456    x$fpl$ieeestatus    fz_ws.l(istatus.o)
    0x0800bd34   0x0800bd34   0x00000004   Code   RO         5279    x$fpl$printf1       fz_ws.l(printf1.o)
    0x0800bd38   0x0800bd38   0x00000064   Code   RO         5458    x$fpl$retnan        fz_ws.l(retnan.o)
    0x0800bd9c   0x0800bd9c   0x0000005c   Code   RO         5281    x$fpl$scalbn        fz_ws.l(scalbn.o)
    0x0800bdf8   0x0800bdf8   0x0000004c   Code   RO         5283    x$fpl$scalbnf       fz_ws.l(scalbnf.o)
    0x0800be44   0x0800be44   0x00000004   Code   RO         5460    x$fpl$scanf1        fz_ws.l(scanf1.o)
    0x0800be48   0x0800be48   0x00000008   Code   RO         5549    x$fpl$scanf2        fz_ws.l(scanf2.o)
    0x0800be50   0x0800be50   0x00000030   Code   RO         5530    x$fpl$trapveneer    fz_ws.l(trapv.o)
    0x0800be80   0x0800be80   0x00000000   Code   RO         5343    x$fpl$usenofp       fz_ws.l(usenofp.o)
    0x0800be80   0x0800be80   0x00000012   Data   RO         1135    .constdata          stm32f1xx_hal_rcc.o
    0x0800be92   0x0800be92   0x00000012   Data   RO         1227    .constdata          stm32f1xx_hal_rcc_ex.o
    0x0800bea4   0x0800bea4   0x00000010   Data   RO         3645    .constdata          system_stm32f1xx.o
    0x0800beb4   0x0800beb4   0x00000008   Data   RO         3646    .constdata          system_stm32f1xx.o
    0x0800bebc   0x0800bebc   0x0000000c   Data   RO         4613    .constdata          inv_mpu.o
    0x0800bec8   0x0800bec8   0x0000001b   Data   RO         4614    .constdata          inv_mpu.o
    0x0800bee3   0x0800bee3   0x00000001   PAD
    0x0800bee4   0x0800bee4   0x00000028   Data   RO         4615    .constdata          inv_mpu.o
    0x0800bf0c   0x0800bf0c   0x00000bf6   Data   RO         4896    .constdata          inv_mpu_dmp_motion_driver.o
    0x0800cb02   0x0800cb02   0x00000002   PAD
    0x0800cb04   0x0800cb04   0x000000b8   Data   RO         5085    .constdata          kf.o
    0x0800cbbc   0x0800cbbc   0x00000004   PAD
    0x0800cbc0   0x0800cbc0   0x00000050   Data   RO         5287    .constdata          m_ws.l(asin.o)
    0x0800cc10   0x0800cc10   0x00000098   Data   RO         5346    .constdata          m_ws.l(atan.o)
    0x0800cca8   0x0800cca8   0x00000008   Data   RO         5372    .constdata          m_ws.l(qnan.o)
    0x0800ccb0   0x0800ccb0   0x00000094   Data   RO         5421    .constdata          c_w.l(bigflt0.o)
    0x0800cd44   0x0800cd44   0x0000004e   Data   RO         4616    .conststring        inv_mpu.o
    0x0800cd92   0x0800cd92   0x00000002   PAD
    0x0800cd94   0x0800cd94   0x00000020   Data   RO         5658    Region$$Table       anon$$obj.o
    0x0800cdb4   0x0800cdb4   0x00000008   Data   RO         5543    c$$dinf             fz_ws.l(fpconst.o)
    0x0800cdbc   0x0800cdbc   0x00000008   Data   RO         5546    c$$dmax             fz_ws.l(fpconst.o)
    0x0800cdc4   0x0800cdc4   0x0000001c   Data   RO         5449    locale$$data        c_w.l(lc_numeric_c.o)
    0x0800cde0   0x0800cde0   0x00000110   Data   RO         5534    locale$$data        c_w.l(lc_ctype_c.o)


    Execution Region RW_IRAM1 (Exec base: 0x20000000, Load base: 0x0800cef0, Size: 0x00000c30, Max: 0x0000c000, ABSOLUTE, COMPRESSED[0x00000050])

    Exec Addr    Load Addr    Size         Type   Attr      Idx    E Section Name        Object

    0x20000000   COMPRESSED   0x00000001   Data   RW           17    .data               main.o
    0x20000001   COMPRESSED   0x00000003   PAD
    0x20000004   COMPRESSED   0x00000008   Data   RW           18    .data               main.o
    0x2000000c   COMPRESSED   0x00000004   Data   RW           19    .data               main.o
    0x20000010   COMPRESSED   0x00000004   Data   RW           20    .data               main.o
    0x20000014   COMPRESSED   0x00000004   Data   RW           21    .data               main.o
    0x20000018   COMPRESSED   0x00000004   Data   RW           22    .data               main.o
    0x2000001c   COMPRESSED   0x00000004   Data   RW           23    .data               main.o
    0x20000020   COMPRESSED   0x00000004   Data   RW           24    .data               main.o
    0x20000024   COMPRESSED   0x00000004   Data   RW           25    .data               main.o
    0x20000028   COMPRESSED   0x00000004   Data   RW           26    .data               main.o
    0x2000002c   COMPRESSED   0x00000004   Data   RW           27    .data               main.o
    0x20000030   COMPRESSED   0x0000000c   Data   RW          972    .data               stm32f1xx_hal.o
    0x2000003c   COMPRESSED   0x00000004   Data   RW         3647    .data               system_stm32f1xx.o
    0x20000040   COMPRESSED   0x00000004   Data   RW         3848    .data               delay.o
    0x20000044   COMPRESSED   0x00000004   Data   RW         4067    .data               bsp_key.o
    0x20000048   COMPRESSED   0x00000035   Data   RW         4162    .data               mpu6050.o
    0x2000007d   COMPRESSED   0x00000003   PAD
    0x20000080   COMPRESSED   0x00000014   Data   RW         4267    .data               bsp_timer.o
    0x20000094   COMPRESSED   0x00000004   Data   RW         4326    .data               bsp_usart.o
    0x20000098   COMPRESSED   0x0000004e   Data   RW         4376    .data               app_bluetooth.o
    0x200000e6   COMPRESSED   0x00000002   PAD
    0x200000e8   COMPRESSED   0x00000004   Data   RW         4477    .data               app_control.o
    0x200000ec   COMPRESSED   0x00000008   Data   RW         4517    .data               app_motor.o
    0x200000f4   COMPRESSED   0x0000002c   Data   RW         4617    .data               inv_mpu.o
    0x20000120   COMPRESSED   0x00000084   Data   RW         5049    .data               filter.o
    0x200001a4   COMPRESSED   0x00000050   Data   RW         5086    .data               kf.o
    0x200001f4   COMPRESSED   0x00000040   Data   RW         5124    .data               pid_control.o
    0x20000234        -       0x00000030   Zero   RW          334    .bss                adc.o
    0x20000264        -       0x00000120   Zero   RW          382    .bss                tim.o
    0x20000384        -       0x00000048   Zero   RW          456    .bss                usart.o
    0x200003cc        -       0x000001d0   Zero   RW         4375    .bss                app_bluetooth.o
    0x2000059c        -       0x00000010   Zero   RW         4895    .bss                inv_mpu_dmp_motion_driver.o
    0x200005ac        -       0x00000020   Zero   RW         5084    .bss                kf.o
    0x200005cc        -       0x00000060   Zero   RW         5463    .bss                c_w.l(libspace.o)
    0x2000062c   COMPRESSED   0x00000004   PAD
    0x20000630        -       0x00000200   Zero   RW            2    HEAP                startup_stm32f103xe.o
    0x20000830        -       0x00000400   Zero   RW            1    STACK               startup_stm32f103xe.o


==============================================================================

Image component sizes


      Code (inc. data)   RO Data    RW Data    ZI Data      Debug   Object Name

       168         20          0          0         48       1789   adc.o
        48         10          0          0          0        515   app.o
      2200        372          0         78        464       8579   app_bluetooth.o
      1020        100          0          4          0       2151   app_control.o
       412         56          0          8          0       3485   app_motor.o
        56          0          0          0          0        499   bsp.o
        80         20          0          0          0       1609   bsp_battery.o
        16          6          0          0          0        452   bsp_beep.o
       106         14          0          0          0      14988   bsp_bluetooth.o
        68         10          0          4          0       1341   bsp_key.o
        16          6          0          0          0        456   bsp_led.o
       308         54          0         20          0       3266   bsp_timer.o
        26          6          0          4          0       2817   bsp_usart.o
       136         18          0          4          0       1791   delay.o
        84         30          0          0          0       1551   encoder.o
       136         24          0        132          0       3443   filter.o
       248         18          0          0          0       1071   gpio.o
         6          0          0          0          0        472   intsever.o
      4498        280        157         44          0      27270   inv_mpu.o
      2350        118       3062          0         16      20170   inv_mpu_dmp_motion_driver.o
      1050         60          0          0          0      10482   ioi2c.o
      1368         64        184         80         32       3992   kf.o
       240         22          0         45          0     532105   main.o
        44          6          0          0          0        494   motor.o
      1402        356          0         53          0      34081   mpu6050.o
       500         94          0         64          0       3436   pid_control.o
        64         26        304          0       1536        840   startup_stm32f103xe.o
       164         28          0         12          0       6657   stm32f1xx_hal.o
      2094        346          0          0          0       6964   stm32f1xx_hal_adc.o
       308         70          0          0          0       1470   stm32f1xx_hal_adc_ex.o
       536        224          0          0          0      29849   stm32f1xx_hal_cortex.o
      1040        240          0          0          0       4458   stm32f1xx_hal_gpio.o
        68         10          0          0          0        938   stm32f1xx_hal_msp.o
      1850        180         18          0          0       5384   stm32f1xx_hal_rcc.o
       672        134         18          0          0       2541   stm32f1xx_hal_rcc_ex.o
      5158        908          0          0          0      19967   stm32f1xx_hal_tim.o
       632        140          0          0          0       3433   stm32f1xx_hal_tim_ex.o
       616        134          0          0          0       2076   stm32f1xx_hal_uart.o
        44          6          0          0          0       5598   stm32f1xx_it.o
       496         78          0          0          0      11395   stm32f1xx_ll_gpio.o
       212         48          0          0          0      13455   stm32f1xx_ll_rcc.o
       496         78          0          0          0      15456   stm32f1xx_ll_usart.o
         2          0         24          4          0       1187   system_stm32f1xx.o
       832         82          0          0        288       5309   tim.o
       412         54          0          0         72      43969   usart.o

    ----------------------------------------------------------------------
     32320       4550       3808        564       2456     863251   Object Totals
         0          0         32          0          0          0   (incl. Generated)
        38          0          9          8          0          0   (incl. Padding)

    ----------------------------------------------------------------------

      Code (inc. data)   RO Data    RW Data    ZI Data      Debug   Library Member Name

        90          0          0          0          0          0   __dczerorl2.o
         8          0          0          0          0         68   __main.o
       284          0          0          0          0        156   __printf_wp.o
         0          0          0          0          0          0   __rtentry.o
        12          0          0          0          0          0   __rtentry2.o
         6          0          0          0          0          0   __rtentry4.o
        52          8          0          0          0          0   __scatter.o
        28          0          0          0          0          0   __scatter_zi.o
        28          0          0          0          0         68   _chval.o
        48          6          0          0          0         96   _printf_char_common.o
        36          4          0          0          0         80   _printf_char_file.o
         6          0          0          0          0          0   _printf_d.o
       120         16          0          0          0         92   _printf_dec.o
         6          0          0          0          0          0   _printf_f.o
      1054          0          0          0          0        216   _printf_fp_dec.o
       128         16          0          0          0         84   _printf_fp_infnan.o
       178          0          0          0          0         88   _printf_intcommon.o
        78          0          0          0          0        108   _printf_pad.o
         0          0          0          0          0          0   _printf_percent.o
         4          0          0          0          0          0   _printf_percent_end.o
        22          0          0          0          0        100   _rserrno.o
        64          0          0          0          0         84   _sgetc.o
        10          0          0          0          0         68   _sputc.o
        16          0          0          0          0         68   aeabi_memset.o
       228          4        148          0          0         96   bigflt0.o
      2152        136          0          0          0        960   btod.o
        18          0          0          0          0         80   exit.o
         8          0          0          0          0         68   ferror.o
         6          0          0          0          0        152   heapauxi.o
        18          0          0          0          0         76   isspace.o
        44         10        272          0          0         76   lc_ctype_c.o
        44         10         28          0          0         76   lc_numeric_c.o
         2          0          0          0          0          0   libinit.o
        30          0          0          0          0          0   libinit2.o
         2          0          0          0          0          0   libshutdown.o
         2          0          0          0          0          0   libshutdown2.o
         8          4          0          0         96         68   libspace.o
        72          0          0          0          0         76   llsdiv.o
        38          0          0          0          0         68   llshl.o
       138          0          0          0          0         80   lludiv10.o
       238          0          0          0          0        100   lludivv7m.o
        88          0          0          0          0         76   memcmp.o
        24          4          0          0          0         84   noretval__2printf.o
        40          6          0          0          0         84   noretval__2sprintf.o
        16          4          0          0          0         76   rt_ctype_table.o
         8          4          0          0          0         68   rt_errno_addr_intlibspace.o
         8          4          0          0          0         68   rt_locale_intlibspace.o
        68          0          0          0          0         68   rt_memclr.o
        78          0          0          0          0         80   rt_memclr_w.o
       138          0          0          0          0         68   rt_memcpy_v6.o
       100          0          0          0          0         80   rt_memcpy_w.o
         2          0          0          0          0          0   rtexit.o
        10          0          0          0          0          0   rtexit2.o
      1272         16          0          0          0        168   scanf_fp.o
       800         14          0          0          0        100   scanf_hexfp.o
       308         16          0          0          0        100   scanf_infnan.o
        24          0          0          0          0         68   strcat.o
       128          0          0          0          0         68   strcmpv7m.o
        62          0          0          0          0         76   strlen.o
       164         14          0          0          0        120   strtod.o
        74          0          0          0          0         80   sys_stackheap_outer.o
         2          0          0          0          0         68   use_no_semi.o
         2          0          0          0          0         68   use_no_semi_2.o
        98          4          0          0          0         92   d2f.o
       826         16          0          0          0        348   daddsub_clz.o
        16          4          0          0          0         68   dcheck1.o
        24          0          0          0          0         68   dcmpi.o
       688        140          0          0          0        208   ddiv.o
       120          4          0          0          0         92   deqf.o
        46          0          0          0          0         68   dflt_clz.o
       120          4          0          0          0         92   dleqf.o
       340         12          0          0          0        104   dmul.o
       156          4          0          0          0         92   dnaninf.o
        12          0          0          0          0         68   dretinf.o
       108          0          0          0          0         80   drleqf.o
       460         56          0          0          0        120   dsqrt_noumaal.o
        86          4          0          0          0         84   f2d.o
       430          8          0          0          0        168   faddsub_clz.o
        12          4          0          0          0         68   fcheck1.o
        24          0          0          0          0         68   fcmpi.o
       388         76          0          0          0         96   fdiv.o
       104          4          0          0          0         84   feqf.o
        54          4          0          0          0         84   ffix.o
        62          4          0          0          0         84   ffixu.o
        86          0          0          0          0        136   fflt_clz.o
       258          4          0          0          0         84   fmul.o
       140          4          0          0          0         84   fnaninf.o
         0          0         16          0          0          0   fpconst.o
        10          0          0          0          0         68   fretinf.o
         6          0          0          0          0         68   istatus.o
         4          0          0          0          0         68   printf1.o
       100          0          0          0          0         68   retnan.o
        92          0          0          0          0         68   scalbn.o
        76          0          0          0          0         68   scalbnf.o
         4          0          0          0          0         68   scanf1.o
         8          0          0          0          0         84   scanf2.o
        48          0          0          0          0         68   trapv.o
         0          0          0          0          0          0   usenofp.o
       624         52         80          0          0        168   asin.o
       544         70        152          0          0        124   atan.o
       384         38          0          0          0        144   atan2.o
        42          0          0          0          0         84   atof.o
        52          6          0          0          0        340   dunder.o
        40          0          0          0          0         68   fpclassify.o
        88          8          0          0          0         76   frexp.o
       138          0          0          0          0        160   ldexp.o
       204          4          0          0          0        168   narrow.o
       170          0          0          0          0         96   poly.o
         0          0          8          0          0          0   qnan.o
        76          0          0          0          0         84   sqrt.o

    ----------------------------------------------------------------------
     16144        832        704          0        100       9700   Library Totals
        34          2          0          0          4          0   (incl. Padding)

    ----------------------------------------------------------------------

      Code (inc. data)   RO Data    RW Data    ZI Data      Debug   Library Name

      8742        296        448          0         96       5020   c_w.l
      5006        356         16          0          0       3168   fz_ws.l
      2362        178        240          0          0       1512   m_ws.l

    ----------------------------------------------------------------------
     16144        832        704          0        100       9700   Library Totals

    ----------------------------------------------------------------------

==============================================================================


      Code (inc. data)   RO Data    RW Data    ZI Data      Debug   

     48464       5382       4512        564       2556     855891   Grand Totals
     48464       5382       4512         80       2556     855891   ELF Image Totals (compressed)
     48464       5382       4512         80          0          0   ROM Totals

==============================================================================

    Total RO  Size (Code + RO Data)                52976 (  51.73kB)
    Total RW  Size (RW Data + ZI Data)              3120 (   3.05kB)
    Total ROM Size (Code + RO Data + RW Data)      53056 (  51.81kB)

==============================================================================

