<html>
<body>
<pre>
<h1>µVision Build Log</h1>
<h2>Tool Versions:</h2>
IDE-Version: ¦ÌVision V5.26.2.0
Copyright (C) 2018 ARM Ltd and ARM Germany GmbH. All rights reserved.
License Information: alen lj761027@qq.com, alen, LIC=8VRJ7-E6Y9J-564Q2-9AFJ8-YGS9K-LJ7BV
 
Tool Versions:
Toolchain:       MDK-ARM Plus  Version: 5.26.2.0
Toolchain Path:  D:\ARM\ARMCC\Bin
C Compiler:      Armcc.exe V5.06 update 6 (build 750)
Assembler:       Armasm.exe V5.06 update 6 (build 750)
Linker/Locator:  ArmLink.exe V5.06 update 6 (build 750)
Library Manager: ArmAr.exe V5.06 update 6 (build 750)
Hex Converter:   FromElf.exe V5.06 update 6 (build 750)
CPU DLL:         SARMCM3.DLL V5.26.2.0
Dialog DLL:      DCM.DLL V1.17.2.0
Target DLL:      STLink\ST-LINKIII-KEIL_SWO.dll V3.0.5.0
Dialog DLL:      TCM.DLL V1.36.1.0
 
<h2>Project:</h2>
C:\Users\lj761\Downloads\Ô´Âë»ã×Ü\0.Large program\2.HAL(keil)\Balance_Car_KEil_HAL\MDK-ARM\Balance_Car_KEil_HAL.uvprojx
Project File Date:  09/15/2026

<h2>Output:</h2>
*** Using Compiler 'V5.06 update 6 (build 750)', folder: 'D:\ARM\ARMCC\Bin'
Rebuild target 'Balance_Car_KEil_HAL'
assembling startup_stm32f103xe.s...
compiling adc.c...
compiling gpio.c...
compiling stm32f1xx_hal_msp.c...
compiling tim.c...
compiling usart.c...
compiling stm32f1xx_it.c...
compiling main.c...
compiling stm32f1xx_hal_gpio_ex.c...
compiling stm32f1xx_hal.c...
compiling stm32f1xx_hal_rcc_ex.c...
compiling stm32f1xx_hal_adc_ex.c...
compiling stm32f1xx_hal_gpio.c...
compiling stm32f1xx_hal_rcc.c...
compiling stm32f1xx_hal_adc.c...
compiling stm32f1xx_hal_cortex.c...
compiling stm32f1xx_hal_dma.c...
compiling stm32f1xx_hal_pwr.c...
compiling stm32f1xx_hal_flash_ex.c...
compiling stm32f1xx_hal_flash.c...
compiling stm32f1xx_hal_exti.c...
compiling stm32f1xx_ll_rcc.c...
compiling stm32f1xx_ll_exti.c...
compiling stm32f1xx_ll_utils.c...
compiling stm32f1xx_hal_uart.c...
compiling stm32f1xx_ll_gpio.c...
compiling stm32f1xx_ll_usart.c...
compiling stm32f1xx_hal_tim_ex.c...
compiling stm32f1xx_hal_tim.c...
compiling stm32f1xx_hal_usart.c...
compiling system_stm32f1xx.c...
compiling stm32f1xx_ll_dma.c...
compiling encoder.c...
compiling bsp.c...
compiling bsp_beep.c...
compiling bsp_battery.c...
compiling IOI2C.c...
compiling delay.c...
compiling bsp_bluetooth.c...
compiling bsp_usart.c...
compiling intsever.c...
compiling bsp_timer.c...
compiling mpu6050.c...
compiling motor.c...
compiling bsp_LED.c...
compiling bsp_key.c...
compiling filter.c...
..\APP\filter\filter.c(14): warning:  #550-D: variable "angle_dot"  was set but never used
  	static float angle_dot;
..\APP\filter\filter.c(84): warning:  #550-D: variable "angle_dot"  was set but never used
  	static float angle_dot;
..\APP\filter\filter.c: 2 warnings, 0 errors
compiling app_bluetooth.c...
compiling KF.c...
compiling app.c...
compiling inv_mpu_dmp_motion_driver.c...
compiling app_control.c...
compiling app_motor.c...
compiling inv_mpu.c...
compiling pid_control.c...
linking...
Program Size: Code=48464 RO-data=4512 RW-data=564 ZI-data=2556  
FromELF: creating hex file...
"Balance_Car_KEil_HAL\Balance_Car_KEil_HAL.axf" - 0 Error(s), 2 Warning(s).

<h2>Software Packages used:</h2>

Package Vendor: ARM
                http://www.keil.com/pack/ARM.CMSIS.5.4.0.pack
                ARM.CMSIS.5.4.0
                CMSIS (Cortex Microcontroller Software Interface Standard)
   * Component: CORE Version: 5.1.2

Package Vendor: Keil
                http://www.keil.com/pack/Keil.STM32F1xx_DFP.2.3.0.pack
                Keil.STM32F1xx_DFP.2.3.0
                STMicroelectronics STM32F1 Series Device Support, Drivers and Examples

<h2>Collection of Component include folders:</h2>
  .\RTE\_Balance_Car_KEil_HAL
  D:\ARM\PACK\ARM\CMSIS\5.4.0\CMSIS\Core\Include
  D:\ARM\PACK\Keil\STM32F1xx_DFP\2.3.0\Device\Include

<h2>Collection of Component Files used:</h2>

   * Component: ARM::CMSIS:CORE:5.1.2
Build Time Elapsed:  00:00:35
</pre>
</body>
</html>
