*** Using Compiler 'V5.06 update 6 (build 750)', folder: 'D:\ARM\ARMCC\Bin'
Build target 'Balance_Car_KEil_HAL'
assembling startup_stm32f103xe.s...
compiling usart.c...
compiling adc.c...
compiling gpio.c...
compiling tim.c...
compiling stm32f1xx_hal_gpio_ex.c...
"no source": Error:  #5: cannot open source input file "C:/Users/Administrator/STM32Cube/Repository/STM32Cube_FW_F1_V1.8.5/Drivers/STM32F1xx_HAL_Driver/Src/stm32f1xx_hal_gpio_ex.c": No such file or directory
C:/Users/Administrator/STM32Cube/Repository/STM32Cube_FW_F1_V1.8.5/Drivers/STM32F1xx_HAL_Driver/Src/stm32f1xx_hal_gpio_ex.c: 0 warnings, 1 error
compiling stm32f1xx_hal_msp.c...
compiling stm32f1xx_hal_adc.c...
"no source": Error:  #5: cannot open source input file "C:/Users/Administrator/STM32Cube/Repository/STM32Cube_FW_F1_V1.8.5/Drivers/STM32F1xx_HAL_Driver/Src/stm32f1xx_hal_adc.c": No such file or directory
C:/Users/Administrator/STM32Cube/Repository/STM32Cube_FW_F1_V1.8.5/Drivers/STM32F1xx_HAL_Driver/Src/stm32f1xx_hal_adc.c: 0 warnings, 1 error
compiling stm32f1xx_hal_adc_ex.c...
"no source": Error:  #5: cannot open source input file "C:/Users/Administrator/STM32Cube/Repository/STM32Cube_FW_F1_V1.8.5/Drivers/STM32F1xx_HAL_Driver/Src/stm32f1xx_hal_adc_ex.c": No such file or directory
C:/Users/Administrator/STM32Cube/Repository/STM32Cube_FW_F1_V1.8.5/Drivers/STM32F1xx_HAL_Driver/Src/stm32f1xx_hal_adc_ex.c: 0 warnings, 1 error
compiling stm32f1xx_hal.c...
"no source": Error:  #5: cannot open source input file "C:/Users/Administrator/STM32Cube/Repository/STM32Cube_FW_F1_V1.8.5/Drivers/STM32F1xx_HAL_Driver/Src/stm32f1xx_hal.c": No such file or directory
C:/Users/Administrator/STM32Cube/Repository/STM32Cube_FW_F1_V1.8.5/Drivers/STM32F1xx_HAL_Driver/Src/stm32f1xx_hal.c: 0 warnings, 1 error
compiling stm32f1xx_hal_rcc.c...
"no source": Error:  #5: cannot open source input file "C:/Users/Administrator/STM32Cube/Repository/STM32Cube_FW_F1_V1.8.5/Drivers/STM32F1xx_HAL_Driver/Src/stm32f1xx_hal_rcc.c": No such file or directory
C:/Users/Administrator/STM32Cube/Repository/STM32Cube_FW_F1_V1.8.5/Drivers/STM32F1xx_HAL_Driver/Src/stm32f1xx_hal_rcc.c: 0 warnings, 1 error
compiling stm32f1xx_hal_rcc_ex.c...
"no source": Error:  #5: cannot open source input file "C:/Users/Administrator/STM32Cube/Repository/STM32Cube_FW_F1_V1.8.5/Drivers/STM32F1xx_HAL_Driver/Src/stm32f1xx_hal_rcc_ex.c": No such file or directory
C:/Users/Administrator/STM32Cube/Repository/STM32Cube_FW_F1_V1.8.5/Drivers/STM32F1xx_HAL_Driver/Src/stm32f1xx_hal_rcc_ex.c: 0 warnings, 1 error
compiling stm32f1xx_hal_gpio.c...
"no source": Error:  #5: cannot open source input file "C:/Users/Administrator/STM32Cube/Repository/STM32Cube_FW_F1_V1.8.5/Drivers/STM32F1xx_HAL_Driver/Src/stm32f1xx_hal_gpio.c": No such file or directory
C:/Users/Administrator/STM32Cube/Repository/STM32Cube_FW_F1_V1.8.5/Drivers/STM32F1xx_HAL_Driver/Src/stm32f1xx_hal_gpio.c: 0 warnings, 1 error
compiling stm32f1xx_hal_dma.c...
"no source": Error:  #5: cannot open source input file "C:/Users/Administrator/STM32Cube/Repository/STM32Cube_FW_F1_V1.8.5/Drivers/STM32F1xx_HAL_Driver/Src/stm32f1xx_hal_dma.c": No such file or directory
C:/Users/Administrator/STM32Cube/Repository/STM32Cube_FW_F1_V1.8.5/Drivers/STM32F1xx_HAL_Driver/Src/stm32f1xx_hal_dma.c: 0 warnings, 1 error
compiling stm32f1xx_it.c...
compiling stm32f1xx_hal_cortex.c...
"no source": Error:  #5: cannot open source input file "C:/Users/Administrator/STM32Cube/Repository/STM32Cube_FW_F1_V1.8.5/Drivers/STM32F1xx_HAL_Driver/Src/stm32f1xx_hal_cortex.c": No such file or directory
C:/Users/Administrator/STM32Cube/Repository/STM32Cube_FW_F1_V1.8.5/Drivers/STM32F1xx_HAL_Driver/Src/stm32f1xx_hal_cortex.c: 0 warnings, 1 error
compiling stm32f1xx_hal_pwr.c...
"no source": Error:  #5: cannot open source input file "C:/Users/Administrator/STM32Cube/Repository/STM32Cube_FW_F1_V1.8.5/Drivers/STM32F1xx_HAL_Driver/Src/stm32f1xx_hal_pwr.c": No such file or directory
C:/Users/Administrator/STM32Cube/Repository/STM32Cube_FW_F1_V1.8.5/Drivers/STM32F1xx_HAL_Driver/Src/stm32f1xx_hal_pwr.c: 0 warnings, 1 error
compiling main.c...
compiling stm32f1xx_hal_flash.c...
"no source": Error:  #5: cannot open source input file "C:/Users/Administrator/STM32Cube/Repository/STM32Cube_FW_F1_V1.8.5/Drivers/STM32F1xx_HAL_Driver/Src/stm32f1xx_hal_flash.c": No such file or directory
C:/Users/Administrator/STM32Cube/Repository/STM32Cube_FW_F1_V1.8.5/Drivers/STM32F1xx_HAL_Driver/Src/stm32f1xx_hal_flash.c: 0 warnings, 1 error
compiling stm32f1xx_hal_flash_ex.c...
"no source": Error:  #5: cannot open source input file "C:/Users/Administrator/STM32Cube/Repository/STM32Cube_FW_F1_V1.8.5/Drivers/STM32F1xx_HAL_Driver/Src/stm32f1xx_hal_flash_ex.c": No such file or directory
C:/Users/Administrator/STM32Cube/Repository/STM32Cube_FW_F1_V1.8.5/Drivers/STM32F1xx_HAL_Driver/Src/stm32f1xx_hal_flash_ex.c: 0 warnings, 1 error
compiling stm32f1xx_hal_exti.c...
"no source": Error:  #5: cannot open source input file "C:/Users/Administrator/STM32Cube/Repository/STM32Cube_FW_F1_V1.8.5/Drivers/STM32F1xx_HAL_Driver/Src/stm32f1xx_hal_exti.c": No such file or directory
C:/Users/Administrator/STM32Cube/Repository/STM32Cube_FW_F1_V1.8.5/Drivers/STM32F1xx_HAL_Driver/Src/stm32f1xx_hal_exti.c: 0 warnings, 1 error
compiling stm32f1xx_ll_rcc.c...
"no source": Error:  #5: cannot open source input file "C:/Users/Administrator/STM32Cube/Repository/STM32Cube_FW_F1_V1.8.5/Drivers/STM32F1xx_HAL_Driver/Src/stm32f1xx_ll_rcc.c": No such file or directory
C:/Users/Administrator/STM32Cube/Repository/STM32Cube_FW_F1_V1.8.5/Drivers/STM32F1xx_HAL_Driver/Src/stm32f1xx_ll_rcc.c: 0 warnings, 1 error
compiling stm32f1xx_ll_utils.c...
"no source": Error:  #5: cannot open source input file "C:/Users/Administrator/STM32Cube/Repository/STM32Cube_FW_F1_V1.8.5/Drivers/STM32F1xx_HAL_Driver/Src/stm32f1xx_ll_utils.c": No such file or directory
C:/Users/Administrator/STM32Cube/Repository/STM32Cube_FW_F1_V1.8.5/Drivers/STM32F1xx_HAL_Driver/Src/stm32f1xx_ll_utils.c: 0 warnings, 1 error
compiling stm32f1xx_ll_exti.c...
"no source": Error:  #5: cannot open source input file "C:/Users/Administrator/STM32Cube/Repository/STM32Cube_FW_F1_V1.8.5/Drivers/STM32F1xx_HAL_Driver/Src/stm32f1xx_ll_exti.c": No such file or directory
C:/Users/Administrator/STM32Cube/Repository/STM32Cube_FW_F1_V1.8.5/Drivers/STM32F1xx_HAL_Driver/Src/stm32f1xx_ll_exti.c: 0 warnings, 1 error
compiling stm32f1xx_hal_tim.c...
"no source": Error:  #5: cannot open source input file "C:/Users/Administrator/STM32Cube/Repository/STM32Cube_FW_F1_V1.8.5/Drivers/STM32F1xx_HAL_Driver/Src/stm32f1xx_hal_tim.c": No such file or directory
C:/Users/Administrator/STM32Cube/Repository/STM32Cube_FW_F1_V1.8.5/Drivers/STM32F1xx_HAL_Driver/Src/stm32f1xx_hal_tim.c: 0 warnings, 1 error
compiling stm32f1xx_hal_tim_ex.c...
"no source": Error:  #5: cannot open source input file "C:/Users/Administrator/STM32Cube/Repository/STM32Cube_FW_F1_V1.8.5/Drivers/STM32F1xx_HAL_Driver/Src/stm32f1xx_hal_tim_ex.c": No such file or directory
C:/Users/Administrator/STM32Cube/Repository/STM32Cube_FW_F1_V1.8.5/Drivers/STM32F1xx_HAL_Driver/Src/stm32f1xx_hal_tim_ex.c: 0 warnings, 1 error
compiling stm32f1xx_ll_usart.c...
"no source": Error:  #5: cannot open source input file "C:/Users/Administrator/STM32Cube/Repository/STM32Cube_FW_F1_V1.8.5/Drivers/STM32F1xx_HAL_Driver/Src/stm32f1xx_ll_usart.c": No such file or directory
C:/Users/Administrator/STM32Cube/Repository/STM32Cube_FW_F1_V1.8.5/Drivers/STM32F1xx_HAL_Driver/Src/stm32f1xx_ll_usart.c: 0 warnings, 1 error
compiling stm32f1xx_ll_gpio.c...
"no source": Error:  #5: cannot open source input file "C:/Users/Administrator/STM32Cube/Repository/STM32Cube_FW_F1_V1.8.5/Drivers/STM32F1xx_HAL_Driver/Src/stm32f1xx_ll_gpio.c": No such file or directory
C:/Users/Administrator/STM32Cube/Repository/STM32Cube_FW_F1_V1.8.5/Drivers/STM32F1xx_HAL_Driver/Src/stm32f1xx_ll_gpio.c: 0 warnings, 1 error
compiling stm32f1xx_hal_uart.c...
"no source": Error:  #5: cannot open source input file "C:/Users/Administrator/STM32Cube/Repository/STM32Cube_FW_F1_V1.8.5/Drivers/STM32F1xx_HAL_Driver/Src/stm32f1xx_hal_uart.c": No such file or directory
C:/Users/Administrator/STM32Cube/Repository/STM32Cube_FW_F1_V1.8.5/Drivers/STM32F1xx_HAL_Driver/Src/stm32f1xx_hal_uart.c: 0 warnings, 1 error
compiling stm32f1xx_ll_dma.c...
"no source": Error:  #5: cannot open source input file "C:/Users/Administrator/STM32Cube/Repository/STM32Cube_FW_F1_V1.8.5/Drivers/STM32F1xx_HAL_Driver/Src/stm32f1xx_ll_dma.c": No such file or directory
C:/Users/Administrator/STM32Cube/Repository/STM32Cube_FW_F1_V1.8.5/Drivers/STM32F1xx_HAL_Driver/Src/stm32f1xx_ll_dma.c: 0 warnings, 1 error
compiling system_stm32f1xx.c...
compiling stm32f1xx_hal_usart.c...
compiling bsp_ccd.c...
compiling bsp_beep.c...
compiling bsp_bluetooth.c...
compiling bsp_battery.c...
compiling bsp.c...
compiling delay.c...
compiling bsp_ele_track.c...
compiling bsp_usart2.c...
compiling bsp_irtracking.c...
compiling IOI2C.c...
compiling intsever.c...
compiling encoder.c...
compiling bsp_key.c...
compiling bsp_LED.c...
compiling bsp_ps2.c...
compiling oled_fonts.c...
compiling bsp_oled.c...
compiling motor.c...
compiling mpu6050.c...
compiling bsp_lidar.c...
compiling bsp_oled_i2c.c...
compiling bsp_timer.c...
compiling bsp_usart.c...
compiling bsp_ultrasonic.c...
compiling app.c...
compiling app_ps2.c...
compiling app_bluetooth.c...
compiling app_ccd_tracking.c...
compiling app_control.c...
compiling app_ele_tracking.c...
compiling app_motor.c...
compiling filter.c...
..\APP\filter\filter.c(14): warning:  #550-D: variable "angle_dot"  was set but never used
  	static float angle_dot;
..\APP\filter\filter.c(84): warning:  #550-D: variable "angle_dot"  was set but never used
  	static float angle_dot;
..\APP\filter\filter.c: 2 warnings, 0 errors
compiling oled_show.c...
compiling app_tracking.c...
compiling app_mode.c...
compiling inv_mpu.c...
compiling inv_mpu_dmp_motion_driver.c...
compiling KF.c...
compiling pid_control.c...
compiling app_follow.c...
compiling app_k210.c...
compiling app_line.c...
compiling app_k210_ai.c...
compiling app_lidar.c...
compiling app_lidar_car.c...
"Balance_Car_KEil_HAL\Balance_Car_KEil_HAL.axf" - 22 Error(s), 2 Warning(s).
Target not created.
Build Time Elapsed:  00:00:40
