*** Using Compiler 'V5.06 update 6 (build 750)', folder: 'D:\ARM\ARMCC\Bin'
Rebuild target 'Balance_Car_KEil_HAL'
assembling startup_stm32f103xe.s...
compiling adc.c...
compiling gpio.c...
compiling stm32f1xx_hal_msp.c...
compiling tim.c...
compiling usart.c...
compiling stm32f1xx_it.c...
compiling main.c...
compiling stm32f1xx_hal_gpio_ex.c...
compiling stm32f1xx_hal.c...
compiling stm32f1xx_hal_rcc_ex.c...
compiling stm32f1xx_hal_adc_ex.c...
compiling stm32f1xx_hal_gpio.c...
compiling stm32f1xx_hal_rcc.c...
compiling stm32f1xx_hal_adc.c...
compiling stm32f1xx_hal_cortex.c...
compiling stm32f1xx_hal_dma.c...
compiling stm32f1xx_hal_pwr.c...
compiling stm32f1xx_hal_flash_ex.c...
compiling stm32f1xx_hal_flash.c...
compiling stm32f1xx_hal_exti.c...
compiling stm32f1xx_ll_rcc.c...
compiling stm32f1xx_ll_exti.c...
compiling stm32f1xx_ll_utils.c...
compiling stm32f1xx_hal_uart.c...
compiling stm32f1xx_ll_gpio.c...
compiling stm32f1xx_ll_usart.c...
compiling stm32f1xx_hal_tim_ex.c...
compiling stm32f1xx_hal_tim.c...
compiling stm32f1xx_hal_usart.c...
compiling system_stm32f1xx.c...
compiling stm32f1xx_ll_dma.c...
compiling encoder.c...
compiling bsp.c...
compiling bsp_beep.c...
compiling bsp_battery.c...
compiling IOI2C.c...
compiling delay.c...
compiling bsp_bluetooth.c...
compiling bsp_usart.c...
compiling intsever.c...
compiling bsp_timer.c...
compiling mpu6050.c...
compiling motor.c...
compiling bsp_LED.c...
compiling bsp_key.c...
compiling filter.c...
..\APP\filter\filter.c(14): warning:  #550-D: variable "angle_dot"  was set but never used
  	static float angle_dot;
..\APP\filter\filter.c(84): warning:  #550-D: variable "angle_dot"  was set but never used
  	static float angle_dot;
..\APP\filter\filter.c: 2 warnings, 0 errors
compiling app_bluetooth.c...
compiling KF.c...
compiling app.c...
compiling inv_mpu_dmp_motion_driver.c...
compiling app_control.c...
compiling app_motor.c...
compiling inv_mpu.c...
compiling pid_control.c...
linking...
Program Size: Code=48464 RO-data=4512 RW-data=564 ZI-data=2556  
FromELF: creating hex file...
"Balance_Car_KEil_HAL\Balance_Car_KEil_HAL.axf" - 0 Error(s), 2 Warning(s).
Build Time Elapsed:  00:00:35
